[x] Handles
[x]   Unreserved: 80671103
[x]   NULL info arg: 80671103
[x]   Basic info arg: 80671103
[x]   Negative: 80671001
[x]   2: 80671001

[x] After init
[r]   Low level init: 0
[r]   Low level decode: 0
[r]   44.1kHz: 44100
[r]   After decode: 44100
[r]   48kHz: 80671001
[r]   32kHz: 80671001

[x] After term
[x]   Prev allocated handle: 80671103
