[x] White 0 (alpha=0): f8fcf8 / 555555
[r] White 0 (alpha=1): f8fcf8 / ffffff
[r] White 0 (alpha=2): f8fcf8 / 777777
[r] White 0 (alpha=3): f8fcf8 / 999999
[r] White 0 (alpha=4): f8fcf8 / bbbbbb
[r] White 0 (alpha=5): f8fcf8 / dddddd
[r] White 0 (alpha=6): f8fcf8 / 000000
[r] White 0 (alpha=7): f8fcf8 / ffffff
[r] White 1 (alpha=0): f8fcf8 / 555555
[r] White 1 (alpha=1): f8fcf8 / ffffff
[r] White 1 (alpha=2): f8fcf8 / 777777
[r] White 1 (alpha=3): f8fcf8 / 999999
[r] White 1 (alpha=4): f8fcf8 / bbbbbb
[r] White 1 (alpha=5): f8fcf8 / dddddd
[r] White 1 (alpha=6): f8fcf8 / 000000
[r] White 1 (alpha=7): f8fcf8 / ffffff
[r] White 2 (alpha=0): f8fcf8 / 555555
[r] White 2 (alpha=1): f8fcf8 / ffffff
[r] White 2 (alpha=2): f8fcf8 / 777777
[r] White 2 (alpha=3): f8fcf8 / 999999
[r] White 2 (alpha=4): f8fcf8 / bbbbbb
[r] White 2 (alpha=5): f8fcf8 / dddddd
[r] White 2 (alpha=6): f8fcf8 / 000000
[r] White 2 (alpha=7): f8fcf8 / ffffff
[r] White 3 (alpha=0): 000000 / 555555
[r] White 3 (alpha=1): 000000 / ffffff
[r] White 3 (alpha=2): 000000 / 777777
[r] White 3 (alpha=3): 000000 / 999999
[r] White 3 (alpha=4): 000000 / bbbbbb
[r] White 3 (alpha=5): 000000 / dddddd
[r] White 3 (alpha=6): 000000 / 000000
[r] White 3 (alpha=7): 000000 / ffffff
[r] First greater 0 (alpha=0): 18fcf8 / 555555
[r] First greater 0 (alpha=1): 18fcf8 / ffffff
[r] First greater 0 (alpha=2): 18fcf8 / 777777
[r] First greater 0 (alpha=3): 18fcf8 / 999999
[r] First greater 0 (alpha=4): 18fcf8 / bbbbbb
[r] First greater 0 (alpha=5): 18fcf8 / dddddd
[r] First greater 0 (alpha=6): 18fcf8 / 000000
[r] First greater 0 (alpha=7): 18fcf8 / ffffff
[r] First greater 1 (alpha=0): 808080 / 555555
[r] First greater 1 (alpha=1): 808080 / ffffff
[r] First greater 1 (alpha=2): 808080 / 777777
[r] First greater 1 (alpha=3): 808080 / 999999
[r] First greater 1 (alpha=4): 808080 / bbbbbb
[r] First greater 1 (alpha=5): 808080 / dddddd
[r] First greater 1 (alpha=6): 808080 / 000000
[r] First greater 1 (alpha=7): 808080 / ffffff
[r] First greater 2 (alpha=0): 3ad2d0 / 555555
[r] First greater 2 (alpha=1): 3ad2d0 / ffffff
[r] First greater 2 (alpha=2): 3ad2d0 / 777777
[r] First greater 2 (alpha=3): 3ad2d0 / 999999
[r] First greater 2 (alpha=4): 3ad2d0 / bbbbbb
[r] First greater 2 (alpha=5): 3ad2d0 / dddddd
[r] First greater 2 (alpha=6): 3ad2d0 / 000000
[r] First greater 2 (alpha=7): 3ad2d0 / ffffff
[r] First greater 3 (alpha=0): 5da9a8 / 555555
[r] First greater 3 (alpha=1): 5da9a8 / ffffff
[r] First greater 3 (alpha=2): 5da9a8 / 777777
[r] First greater 3 (alpha=3): 5da9a8 / 999999
[r] First greater 3 (alpha=4): 5da9a8 / bbbbbb
[r] First greater 3 (alpha=5): 5da9a8 / dddddd
[r] First greater 3 (alpha=6): 5da9a8 / 000000
[r] First greater 3 (alpha=7): 5da9a8 / ffffff
[r] First lesser 0 (alpha=0): 808080 / 555555
[r] First lesser 0 (alpha=1): 808080 / ffffff
[r] First lesser 0 (alpha=2): 808080 / 777777
[r] First lesser 0 (alpha=3): 808080 / 999999
[r] First lesser 0 (alpha=4): 808080 / bbbbbb
[r] First lesser 0 (alpha=5): 808080 / dddddd
[r] First lesser 0 (alpha=6): 808080 / 000000
[r] First lesser 0 (alpha=7): 808080 / ffffff
[r] First lesser 1 (alpha=0): f808f8 / 555555
[r] First lesser 1 (alpha=1): f808f8 / ffffff
[r] First lesser 1 (alpha=2): f808f8 / 777777
[r] First lesser 1 (alpha=3): f808f8 / 999999
[r] First lesser 1 (alpha=4): f808f8 / bbbbbb
[r] First lesser 1 (alpha=5): f808f8 / dddddd
[r] First lesser 1 (alpha=6): f808f8 / 000000
[r] First lesser 1 (alpha=7): f808f8 / ffffff
[r] First lesser 2 (alpha=0): bc44bc / 555555
[r] First lesser 2 (alpha=1): bc44bc / ffffff
[r] First lesser 2 (alpha=2): bc44bc / 777777
[r] First lesser 2 (alpha=3): bc44bc / 999999
[r] First lesser 2 (alpha=4): bc44bc / bbbbbb
[r] First lesser 2 (alpha=5): bc44bc / dddddd
[r] First lesser 2 (alpha=6): bc44bc / 000000
[r] First lesser 2 (alpha=7): bc44bc / ffffff
[r] First lesser 3 (alpha=0): 000000 / 555555
[r] First lesser 3 (alpha=1): 000000 / ffffff
[r] First lesser 3 (alpha=2): 000000 / 777777
[r] First lesser 3 (alpha=3): 000000 / 999999
[r] First lesser 3 (alpha=4): 000000 / bbbbbb
[r] First lesser 3 (alpha=5): 000000 / dddddd
[r] First lesser 3 (alpha=6): 000000 / 000000
[r] First lesser 3 (alpha=7): 000000 / ffffff
[r] Color mix 2 (alpha=0): 8a2155 / 555555
[r] Color mix 2 (alpha=1): 8a2155 / ffffff
[r] Color mix 2 (alpha=2): 8a2155 / 777777
[r] Color mix 2 (alpha=3): 8a2155 / 999999
[r] Color mix 2 (alpha=4): 8a2155 / bbbbbb
[r] Color mix 2 (alpha=5): 8a2155 / dddddd
[r] Color mix 2 (alpha=6): 8a2155 / 000000
[r] Color mix 2 (alpha=7): 8a2155 / ffffff
[r] Color mix 3 (alpha=0): 953232 / 555555
[r] Color mix 3 (alpha=1): 953232 / ffffff
[r] Color mix 3 (alpha=2): 953232 / 777777
[r] Color mix 3 (alpha=3): 953232 / 999999
[r] Color mix 3 (alpha=4): 953232 / bbbbbb
[r] Color mix 3 (alpha=5): 953232 / dddddd
[r] Color mix 3 (alpha=6): 953232 / 000000
[r] Color mix 3 (alpha=7): 953232 / ffffff
[r] Alpha greater (alpha=0): 8a2155 / ffffff
[r] Alpha greater (alpha=1): 8a2155 / 000000
[r] Alpha greater (alpha=2): 8a2155 / dadada
[r] Alpha greater (alpha=3): 8a2155 / b6b6b6
[r] Alpha greater (alpha=4): 8a2155 / 919191
[r] Alpha greater (alpha=5): 8a2155 / 6d6d6d
[r] Alpha greater (alpha=6): 8a2155 / 484848
[r] Alpha greater (alpha=7): 8a2155 / 242424
[r] Alpha equal (alpha=0): 8a2155 / 000000
[r] Alpha equal (alpha=1): 8a2155 / ffffff
[r] Alpha equal (alpha=2): 8a2155 / 333333
[r] Alpha equal (alpha=3): 8a2155 / 666666
[r] Alpha equal (alpha=4): 8a2155 / 999999
[r] Alpha equal (alpha=5): 8a2155 / cccccc
[r] Alpha equal (alpha=6): 8a2155 / 000000
[r] Alpha equal (alpha=7): 8a2155 / ffffff
[r] Top left pixel only (alpha=0): b5c050 / e1e1e1
[r] Top left pixel only (alpha=1): b5c050 / 595959
[r] Top left pixel only (alpha=2): b5c050 / cdcdcd
[r] Top left pixel only (alpha=3): b5c050 / bababa
[r] Top left pixel only (alpha=4): b5c050 / a6a6a6
[r] Top left pixel only (alpha=5): b5c050 / 939393
[r] Top left pixel only (alpha=6): b5c050 / 7f7f7f
[r] Top left pixel only (alpha=7): b5c050 / 6c6c6c
[r] Alpha 00 (alpha=0): 8a2155 / ffffff
[r] Alpha 00 (alpha=1): 8a2155 / 000000
[r] Alpha 00 (alpha=2): 8a2155 / dadada
[r] Alpha 00 (alpha=3): 8a2155 / b6b6b6
[r] Alpha 00 (alpha=4): 8a2155 / 919191
[r] Alpha 00 (alpha=5): 8a2155 / 6d6d6d
[r] Alpha 00 (alpha=6): 8a2155 / 484848
[r] Alpha 00 (alpha=7): 8a2155 / 242424
[r] Alpha 01 (alpha=0): 8a2155 / ffffff
[r] Alpha 01 (alpha=1): 8a2155 / 010101
[r] Alpha 01 (alpha=2): 8a2155 / dadada
[r] Alpha 01 (alpha=3): 8a2155 / b6b6b6
[r] Alpha 01 (alpha=4): 8a2155 / 929292
[r] Alpha 01 (alpha=5): 8a2155 / 6d6d6d
[r] Alpha 01 (alpha=6): 8a2155 / 494949
[r] Alpha 01 (alpha=7): 8a2155 / 252525
[r] Alpha 02 (alpha=0): 8a2155 / ffffff
[r] Alpha 02 (alpha=1): 8a2155 / 020202
[r] Alpha 02 (alpha=2): 8a2155 / dadada
[r] Alpha 02 (alpha=3): 8a2155 / b6b6b6
[r] Alpha 02 (alpha=4): 8a2155 / 929292
[r] Alpha 02 (alpha=5): 8a2155 / 6e6e6e
[r] Alpha 02 (alpha=6): 8a2155 / 4a4a4a
[r] Alpha 02 (alpha=7): 8a2155 / 262626
[r] Alpha 03 (alpha=0): 8a2155 / ffffff
[r] Alpha 03 (alpha=1): 8a2155 / 030303
[r] Alpha 03 (alpha=2): 8a2155 / dbdbdb
[r] Alpha 03 (alpha=3): 8a2155 / b7b7b7
[r] Alpha 03 (alpha=4): 8a2155 / 939393
[r] Alpha 03 (alpha=5): 8a2155 / 6f6f6f
[r] Alpha 03 (alpha=6): 8a2155 / 4b4b4b
[r] Alpha 03 (alpha=7): 8a2155 / 272727
[r] Alpha 04 (alpha=0): 8a2155 / ffffff
[r] Alpha 04 (alpha=1): 8a2155 / 040404
[r] Alpha 04 (alpha=2): 8a2155 / dbdbdb
[r] Alpha 04 (alpha=3): 8a2155 / b7b7b7
[r] Alpha 04 (alpha=4): 8a2155 / 939393
[r] Alpha 04 (alpha=5): 8a2155 / 6f6f6f
[r] Alpha 04 (alpha=6): 8a2155 / 4b4b4b
[r] Alpha 04 (alpha=7): 8a2155 / 272727
[r] Alpha 05 (alpha=0): 8a2155 / ffffff
[r] Alpha 05 (alpha=1): 8a2155 / 050505
[r] Alpha 05 (alpha=2): 8a2155 / dbdbdb
[r] Alpha 05 (alpha=3): 8a2155 / b7b7b7
[r] Alpha 05 (alpha=4): 8a2155 / 939393
[r] Alpha 05 (alpha=5): 8a2155 / 707070
[r] Alpha 05 (alpha=6): 8a2155 / 4c4c4c
[r] Alpha 05 (alpha=7): 8a2155 / 282828
[r] Alpha 06 (alpha=0): 8a2155 / ffffff
[r] Alpha 06 (alpha=1): 8a2155 / 060606
[r] Alpha 06 (alpha=2): 8a2155 / dbdbdb
[r] Alpha 06 (alpha=3): 8a2155 / b7b7b7
[r] Alpha 06 (alpha=4): 8a2155 / 949494
[r] Alpha 06 (alpha=5): 8a2155 / 707070
[r] Alpha 06 (alpha=6): 8a2155 / 4d4d4d
[r] Alpha 06 (alpha=7): 8a2155 / 292929
[r] Alpha 07 (alpha=0): 8a2155 / ffffff
[r] Alpha 07 (alpha=1): 8a2155 / 070707
[r] Alpha 07 (alpha=2): 8a2155 / dbdbdb
[r] Alpha 07 (alpha=3): 8a2155 / b8b8b8
[r] Alpha 07 (alpha=4): 8a2155 / 949494
[r] Alpha 07 (alpha=5): 8a2155 / 717171
[r] Alpha 07 (alpha=6): 8a2155 / 4d4d4d
[r] Alpha 07 (alpha=7): 8a2155 / 2a2a2a
[r] Alpha 08 (alpha=0): 8a2155 / ffffff
[r] Alpha 08 (alpha=1): 8a2155 / 080808
[r] Alpha 08 (alpha=2): 8a2155 / dbdbdb
[r] Alpha 08 (alpha=3): 8a2155 / b8b8b8
[r] Alpha 08 (alpha=4): 8a2155 / 959595
[r] Alpha 08 (alpha=5): 8a2155 / 717171
[r] Alpha 08 (alpha=6): 8a2155 / 4e4e4e
[r] Alpha 08 (alpha=7): 8a2155 / 2b2b2b
[r] Alpha 09 (alpha=0): 8a2155 / ffffff
[r] Alpha 09 (alpha=1): 8a2155 / 090909
[r] Alpha 09 (alpha=2): 8a2155 / dbdbdb
[r] Alpha 09 (alpha=3): 8a2155 / b8b8b8
[r] Alpha 09 (alpha=4): 8a2155 / 959595
[r] Alpha 09 (alpha=5): 8a2155 / 727272
[r] Alpha 09 (alpha=6): 8a2155 / 4f4f4f
[r] Alpha 09 (alpha=7): 8a2155 / 2c2c2c
[r] Alpha 0a (alpha=0): 8a2155 / ffffff
[r] Alpha 0a (alpha=1): 8a2155 / 0a0a0a
[r] Alpha 0a (alpha=2): 8a2155 / dcdcdc
[r] Alpha 0a (alpha=3): 8a2155 / b9b9b9
[r] Alpha 0a (alpha=4): 8a2155 / 969696
[r] Alpha 0a (alpha=5): 8a2155 / 737373
[r] Alpha 0a (alpha=6): 8a2155 / 505050
[r] Alpha 0a (alpha=7): 8a2155 / 2d2d2d
[r] Alpha 0b (alpha=0): 8a2155 / ffffff
[r] Alpha 0b (alpha=1): 8a2155 / 0b0b0b
[r] Alpha 0b (alpha=2): 8a2155 / dcdcdc
[r] Alpha 0b (alpha=3): 8a2155 / b9b9b9
[r] Alpha 0b (alpha=4): 8a2155 / 969696
[r] Alpha 0b (alpha=5): 8a2155 / 737373
[r] Alpha 0b (alpha=6): 8a2155 / 505050
[r] Alpha 0b (alpha=7): 8a2155 / 2d2d2d
[r] Alpha 0c (alpha=0): 8a2155 / ffffff
[r] Alpha 0c (alpha=1): 8a2155 / 0c0c0c
[r] Alpha 0c (alpha=2): 8a2155 / dcdcdc
[r] Alpha 0c (alpha=3): 8a2155 / b9b9b9
[r] Alpha 0c (alpha=4): 8a2155 / 969696
[r] Alpha 0c (alpha=5): 8a2155 / 747474
[r] Alpha 0c (alpha=6): 8a2155 / 515151
[r] Alpha 0c (alpha=7): 8a2155 / 2e2e2e
[r] Alpha 0d (alpha=0): 8a2155 / ffffff
[r] Alpha 0d (alpha=1): 8a2155 / 0d0d0d
[r] Alpha 0d (alpha=2): 8a2155 / dcdcdc
[r] Alpha 0d (alpha=3): 8a2155 / b9b9b9
[r] Alpha 0d (alpha=4): 8a2155 / 979797
[r] Alpha 0d (alpha=5): 8a2155 / 747474
[r] Alpha 0d (alpha=6): 8a2155 / 525252
[r] Alpha 0d (alpha=7): 8a2155 / 2f2f2f
[r] Alpha 0e (alpha=0): 8a2155 / ffffff
[r] Alpha 0e (alpha=1): 8a2155 / 0e0e0e
[r] Alpha 0e (alpha=2): 8a2155 / dcdcdc
[r] Alpha 0e (alpha=3): 8a2155 / bababa
[r] Alpha 0e (alpha=4): 8a2155 / 979797
[r] Alpha 0e (alpha=5): 8a2155 / 757575
[r] Alpha 0e (alpha=6): 8a2155 / 525252
[r] Alpha 0e (alpha=7): 8a2155 / 303030
[r] Alpha 0f (alpha=0): 8a2155 / ffffff
[r] Alpha 0f (alpha=1): 8a2155 / 0f0f0f
[r] Alpha 0f (alpha=2): 8a2155 / dcdcdc
[r] Alpha 0f (alpha=3): 8a2155 / bababa
[r] Alpha 0f (alpha=4): 8a2155 / 989898
[r] Alpha 0f (alpha=5): 8a2155 / 757575
[r] Alpha 0f (alpha=6): 8a2155 / 535353
[r] Alpha 0f (alpha=7): 8a2155 / 313131
[r] Alpha 10 (alpha=0): 8a2155 / ffffff
[r] Alpha 10 (alpha=1): 8a2155 / 101010
[r] Alpha 10 (alpha=2): 8a2155 / dcdcdc
[r] Alpha 10 (alpha=3): 8a2155 / bababa
[r] Alpha 10 (alpha=4): 8a2155 / 989898
[r] Alpha 10 (alpha=5): 8a2155 / 767676
[r] Alpha 10 (alpha=6): 8a2155 / 545454
[r] Alpha 10 (alpha=7): 8a2155 / 323232
[r] Alpha 11 (alpha=0): 8a2155 / ffffff
[r] Alpha 11 (alpha=1): 8a2155 / 111111
[r] Alpha 11 (alpha=2): 8a2155 / dddddd
[r] Alpha 11 (alpha=3): 8a2155 / bbbbbb
[r] Alpha 11 (alpha=4): 8a2155 / 999999
[r] Alpha 11 (alpha=5): 8a2155 / 777777
[r] Alpha 11 (alpha=6): 8a2155 / 555555
[r] Alpha 11 (alpha=7): 8a2155 / 333333
[r] Alpha 12 (alpha=0): 8a2155 / ffffff
[r] Alpha 12 (alpha=1): 8a2155 / 121212
[r] Alpha 12 (alpha=2): 8a2155 / dddddd
[r] Alpha 12 (alpha=3): 8a2155 / bbbbbb
[r] Alpha 12 (alpha=4): 8a2155 / 999999
[r] Alpha 12 (alpha=5): 8a2155 / 777777
[r] Alpha 12 (alpha=6): 8a2155 / 555555
[r] Alpha 12 (alpha=7): 8a2155 / 333333
[r] Alpha 13 (alpha=0): 8a2155 / ffffff
[r] Alpha 13 (alpha=1): 8a2155 / 131313
[r] Alpha 13 (alpha=2): 8a2155 / dddddd
[r] Alpha 13 (alpha=3): 8a2155 / bbbbbb
[r] Alpha 13 (alpha=4): 8a2155 / 999999
[r] Alpha 13 (alpha=5): 8a2155 / 787878
[r] Alpha 13 (alpha=6): 8a2155 / 565656
[r] Alpha 13 (alpha=7): 8a2155 / 343434
[r] Alpha 14 (alpha=0): 8a2155 / ffffff
[r] Alpha 14 (alpha=1): 8a2155 / 141414
[r] Alpha 14 (alpha=2): 8a2155 / dddddd
[r] Alpha 14 (alpha=3): 8a2155 / bbbbbb
[r] Alpha 14 (alpha=4): 8a2155 / 9a9a9a
[r] Alpha 14 (alpha=5): 8a2155 / 787878
[r] Alpha 14 (alpha=6): 8a2155 / 575757
[r] Alpha 14 (alpha=7): 8a2155 / 353535
[r] Alpha 15 (alpha=0): 8a2155 / ffffff
[r] Alpha 15 (alpha=1): 8a2155 / 151515
[r] Alpha 15 (alpha=2): 8a2155 / dddddd
[r] Alpha 15 (alpha=3): 8a2155 / bcbcbc
[r] Alpha 15 (alpha=4): 8a2155 / 9a9a9a
[r] Alpha 15 (alpha=5): 8a2155 / 797979
[r] Alpha 15 (alpha=6): 8a2155 / 575757
[r] Alpha 15 (alpha=7): 8a2155 / 363636
[r] Alpha 16 (alpha=0): 8a2155 / ffffff
[r] Alpha 16 (alpha=1): 8a2155 / 161616
[r] Alpha 16 (alpha=2): 8a2155 / dddddd
[r] Alpha 16 (alpha=3): 8a2155 / bcbcbc
[r] Alpha 16 (alpha=4): 8a2155 / 9b9b9b
[r] Alpha 16 (alpha=5): 8a2155 / 797979
[r] Alpha 16 (alpha=6): 8a2155 / 585858
[r] Alpha 16 (alpha=7): 8a2155 / 373737
[r] Alpha 17 (alpha=0): 8a2155 / ffffff
[r] Alpha 17 (alpha=1): 8a2155 / 171717
[r] Alpha 17 (alpha=2): 8a2155 / dddddd
[r] Alpha 17 (alpha=3): 8a2155 / bcbcbc
[r] Alpha 17 (alpha=4): 8a2155 / 9b9b9b
[r] Alpha 17 (alpha=5): 8a2155 / 7a7a7a
[r] Alpha 17 (alpha=6): 8a2155 / 595959
[r] Alpha 17 (alpha=7): 8a2155 / 383838
[r] Alpha 18 (alpha=0): 8a2155 / ffffff
[r] Alpha 18 (alpha=1): 8a2155 / 181818
[r] Alpha 18 (alpha=2): 8a2155 / dedede
[r] Alpha 18 (alpha=3): 8a2155 / bdbdbd
[r] Alpha 18 (alpha=4): 8a2155 / 9c9c9c
[r] Alpha 18 (alpha=5): 8a2155 / 7b7b7b
[r] Alpha 18 (alpha=6): 8a2155 / 5a5a5a
[r] Alpha 18 (alpha=7): 8a2155 / 393939
[r] Alpha 19 (alpha=0): 8a2155 / ffffff
[r] Alpha 19 (alpha=1): 8a2155 / 191919
[r] Alpha 19 (alpha=2): 8a2155 / dedede
[r] Alpha 19 (alpha=3): 8a2155 / bdbdbd
[r] Alpha 19 (alpha=4): 8a2155 / 9c9c9c
[r] Alpha 19 (alpha=5): 8a2155 / 7b7b7b
[r] Alpha 19 (alpha=6): 8a2155 / 5a5a5a
[r] Alpha 19 (alpha=7): 8a2155 / 393939
[r] Alpha 1a (alpha=0): 8a2155 / ffffff
[r] Alpha 1a (alpha=1): 8a2155 / 1a1a1a
[r] Alpha 1a (alpha=2): 8a2155 / dedede
[r] Alpha 1a (alpha=3): 8a2155 / bdbdbd
[r] Alpha 1a (alpha=4): 8a2155 / 9c9c9c
[r] Alpha 1a (alpha=5): 8a2155 / 7c7c7c
[r] Alpha 1a (alpha=6): 8a2155 / 5b5b5b
[r] Alpha 1a (alpha=7): 8a2155 / 3a3a3a
[r] Alpha 1b (alpha=0): 8a2155 / ffffff
[r] Alpha 1b (alpha=1): 8a2155 / 1b1b1b
[r] Alpha 1b (alpha=2): 8a2155 / dedede
[r] Alpha 1b (alpha=3): 8a2155 / bdbdbd
[r] Alpha 1b (alpha=4): 8a2155 / 9d9d9d
[r] Alpha 1b (alpha=5): 8a2155 / 7c7c7c
[r] Alpha 1b (alpha=6): 8a2155 / 5c5c5c
[r] Alpha 1b (alpha=7): 8a2155 / 3b3b3b
[r] Alpha 1c (alpha=0): 8a2155 / ffffff
[r] Alpha 1c (alpha=1): 8a2155 / 1c1c1c
[r] Alpha 1c (alpha=2): 8a2155 / dedede
[r] Alpha 1c (alpha=3): 8a2155 / bebebe
[r] Alpha 1c (alpha=4): 8a2155 / 9d9d9d
[r] Alpha 1c (alpha=5): 8a2155 / 7d7d7d
[r] Alpha 1c (alpha=6): 8a2155 / 5c5c5c
[r] Alpha 1c (alpha=7): 8a2155 / 3c3c3c
[r] Alpha 1d (alpha=0): 8a2155 / ffffff
[r] Alpha 1d (alpha=1): 8a2155 / 1d1d1d
[r] Alpha 1d (alpha=2): 8a2155 / dedede
[r] Alpha 1d (alpha=3): 8a2155 / bebebe
[r] Alpha 1d (alpha=4): 8a2155 / 9e9e9e
[r] Alpha 1d (alpha=5): 8a2155 / 7d7d7d
[r] Alpha 1d (alpha=6): 8a2155 / 5d5d5d
[r] Alpha 1d (alpha=7): 8a2155 / 3d3d3d
[r] Alpha 1e (alpha=0): 8a2155 / ffffff
[r] Alpha 1e (alpha=1): 8a2155 / 1e1e1e
[r] Alpha 1e (alpha=2): 8a2155 / dedede
[r] Alpha 1e (alpha=3): 8a2155 / bebebe
[r] Alpha 1e (alpha=4): 8a2155 / 9e9e9e
[r] Alpha 1e (alpha=5): 8a2155 / 7e7e7e
[r] Alpha 1e (alpha=6): 8a2155 / 5e5e5e
[r] Alpha 1e (alpha=7): 8a2155 / 3e3e3e
[r] Alpha 1f (alpha=0): 8a2155 / ffffff
[r] Alpha 1f (alpha=1): 8a2155 / 1f1f1f
[r] Alpha 1f (alpha=2): 8a2155 / dfdfdf
[r] Alpha 1f (alpha=3): 8a2155 / bfbfbf
[r] Alpha 1f (alpha=4): 8a2155 / 9f9f9f
[r] Alpha 1f (alpha=5): 8a2155 / 7f7f7f
[r] Alpha 1f (alpha=6): 8a2155 / 5f5f5f
[r] Alpha 1f (alpha=7): 8a2155 / 3f3f3f
[r] Alpha 20 (alpha=0): 8a2155 / ffffff
[r] Alpha 20 (alpha=1): 8a2155 / 202020
[r] Alpha 20 (alpha=2): 8a2155 / dfdfdf
[r] Alpha 20 (alpha=3): 8a2155 / bfbfbf
[r] Alpha 20 (alpha=4): 8a2155 / 9f9f9f
[r] Alpha 20 (alpha=5): 8a2155 / 7f7f7f
[r] Alpha 20 (alpha=6): 8a2155 / 5f5f5f
[r] Alpha 20 (alpha=7): 8a2155 / 3f3f3f
[r] Alpha 21 (alpha=0): 8a2155 / ffffff
[r] Alpha 21 (alpha=1): 8a2155 / 212121
[r] Alpha 21 (alpha=2): 8a2155 / dfdfdf
[r] Alpha 21 (alpha=3): 8a2155 / bfbfbf
[r] Alpha 21 (alpha=4): 8a2155 / 9f9f9f
[r] Alpha 21 (alpha=5): 8a2155 / 808080
[r] Alpha 21 (alpha=6): 8a2155 / 606060
[r] Alpha 21 (alpha=7): 8a2155 / 404040
[r] Alpha 22 (alpha=0): 8a2155 / ffffff
[r] Alpha 22 (alpha=1): 8a2155 / 222222
[r] Alpha 22 (alpha=2): 8a2155 / dfdfdf
[r] Alpha 22 (alpha=3): 8a2155 / bfbfbf
[r] Alpha 22 (alpha=4): 8a2155 / a0a0a0
[r] Alpha 22 (alpha=5): 8a2155 / 808080
[r] Alpha 22 (alpha=6): 8a2155 / 616161
[r] Alpha 22 (alpha=7): 8a2155 / 414141
[r] Alpha 23 (alpha=0): 8a2155 / ffffff
[r] Alpha 23 (alpha=1): 8a2155 / 232323
[r] Alpha 23 (alpha=2): 8a2155 / dfdfdf
[r] Alpha 23 (alpha=3): 8a2155 / c0c0c0
[r] Alpha 23 (alpha=4): 8a2155 / a0a0a0
[r] Alpha 23 (alpha=5): 8a2155 / 818181
[r] Alpha 23 (alpha=6): 8a2155 / 616161
[r] Alpha 23 (alpha=7): 8a2155 / 424242
[r] Alpha 24 (alpha=0): 8a2155 / ffffff
[r] Alpha 24 (alpha=1): 8a2155 / 242424
[r] Alpha 24 (alpha=2): 8a2155 / dfdfdf
[r] Alpha 24 (alpha=3): 8a2155 / c0c0c0
[r] Alpha 24 (alpha=4): 8a2155 / a1a1a1
[r] Alpha 24 (alpha=5): 8a2155 / 818181
[r] Alpha 24 (alpha=6): 8a2155 / 626262
[r] Alpha 24 (alpha=7): 8a2155 / 434343
[r] Alpha 25 (alpha=0): 8a2155 / ffffff
[r] Alpha 25 (alpha=1): 8a2155 / 252525
[r] Alpha 25 (alpha=2): 8a2155 / dfdfdf
[r] Alpha 25 (alpha=3): 8a2155 / c0c0c0
[r] Alpha 25 (alpha=4): 8a2155 / a1a1a1
[r] Alpha 25 (alpha=5): 8a2155 / 828282
[r] Alpha 25 (alpha=6): 8a2155 / 636363
[r] Alpha 25 (alpha=7): 8a2155 / 444444
[r] Alpha 26 (alpha=0): 8a2155 / ffffff
[r] Alpha 26 (alpha=1): 8a2155 / 262626
[r] Alpha 26 (alpha=2): 8a2155 / e0e0e0
[r] Alpha 26 (alpha=3): 8a2155 / c1c1c1
[r] Alpha 26 (alpha=4): 8a2155 / a2a2a2
[r] Alpha 26 (alpha=5): 8a2155 / 838383
[r] Alpha 26 (alpha=6): 8a2155 / 646464
[r] Alpha 26 (alpha=7): 8a2155 / 454545
[r] Alpha 27 (alpha=0): 8a2155 / ffffff
[r] Alpha 27 (alpha=1): 8a2155 / 272727
[r] Alpha 27 (alpha=2): 8a2155 / e0e0e0
[r] Alpha 27 (alpha=3): 8a2155 / c1c1c1
[r] Alpha 27 (alpha=4): 8a2155 / a2a2a2
[r] Alpha 27 (alpha=5): 8a2155 / 838383
[r] Alpha 27 (alpha=6): 8a2155 / 646464
[r] Alpha 27 (alpha=7): 8a2155 / 454545
[r] Alpha 28 (alpha=0): 8a2155 / ffffff
[r] Alpha 28 (alpha=1): 8a2155 / 282828
[r] Alpha 28 (alpha=2): 8a2155 / e0e0e0
[r] Alpha 28 (alpha=3): 8a2155 / c1c1c1
[r] Alpha 28 (alpha=4): 8a2155 / a2a2a2
[r] Alpha 28 (alpha=5): 8a2155 / 848484
[r] Alpha 28 (alpha=6): 8a2155 / 656565
[r] Alpha 28 (alpha=7): 8a2155 / 464646
[r] Alpha 29 (alpha=0): 8a2155 / ffffff
[r] Alpha 29 (alpha=1): 8a2155 / 292929
[r] Alpha 29 (alpha=2): 8a2155 / e0e0e0
[r] Alpha 29 (alpha=3): 8a2155 / c1c1c1
[r] Alpha 29 (alpha=4): 8a2155 / a3a3a3
[r] Alpha 29 (alpha=5): 8a2155 / 848484
[r] Alpha 29 (alpha=6): 8a2155 / 666666
[r] Alpha 29 (alpha=7): 8a2155 / 474747
[r] Alpha 2a (alpha=0): 8a2155 / ffffff
[r] Alpha 2a (alpha=1): 8a2155 / 2a2a2a
[r] Alpha 2a (alpha=2): 8a2155 / e0e0e0
[r] Alpha 2a (alpha=3): 8a2155 / c2c2c2
[r] Alpha 2a (alpha=4): 8a2155 / a3a3a3
[r] Alpha 2a (alpha=5): 8a2155 / 858585
[r] Alpha 2a (alpha=6): 8a2155 / 666666
[r] Alpha 2a (alpha=7): 8a2155 / 484848
[r] Alpha 2b (alpha=0): 8a2155 / ffffff
[r] Alpha 2b (alpha=1): 8a2155 / 2b2b2b
[r] Alpha 2b (alpha=2): 8a2155 / e0e0e0
[r] Alpha 2b (alpha=3): 8a2155 / c2c2c2
[r] Alpha 2b (alpha=4): 8a2155 / a4a4a4
[r] Alpha 2b (alpha=5): 8a2155 / 858585
[r] Alpha 2b (alpha=6): 8a2155 / 676767
[r] Alpha 2b (alpha=7): 8a2155 / 494949
[r] Alpha 2c (alpha=0): 8a2155 / ffffff
[r] Alpha 2c (alpha=1): 8a2155 / 2c2c2c
[r] Alpha 2c (alpha=2): 8a2155 / e0e0e0
[r] Alpha 2c (alpha=3): 8a2155 / c2c2c2
[r] Alpha 2c (alpha=4): 8a2155 / a4a4a4
[r] Alpha 2c (alpha=5): 8a2155 / 868686
[r] Alpha 2c (alpha=6): 8a2155 / 686868
[r] Alpha 2c (alpha=7): 8a2155 / 4a4a4a
[r] Alpha 2d (alpha=0): 8a2155 / ffffff
[r] Alpha 2d (alpha=1): 8a2155 / 2d2d2d
[r] Alpha 2d (alpha=2): 8a2155 / e1e1e1
[r] Alpha 2d (alpha=3): 8a2155 / c3c3c3
[r] Alpha 2d (alpha=4): 8a2155 / a5a5a5
[r] Alpha 2d (alpha=5): 8a2155 / 878787
[r] Alpha 2d (alpha=6): 8a2155 / 696969
[r] Alpha 2d (alpha=7): 8a2155 / 4b4b4b
[r] Alpha 2e (alpha=0): 8a2155 / ffffff
[r] Alpha 2e (alpha=1): 8a2155 / 2e2e2e
[r] Alpha 2e (alpha=2): 8a2155 / e1e1e1
[r] Alpha 2e (alpha=3): 8a2155 / c3c3c3
[r] Alpha 2e (alpha=4): 8a2155 / a5a5a5
[r] Alpha 2e (alpha=5): 8a2155 / 878787
[r] Alpha 2e (alpha=6): 8a2155 / 696969
[r] Alpha 2e (alpha=7): 8a2155 / 4b4b4b
[r] Alpha 2f (alpha=0): 8a2155 / ffffff
[r] Alpha 2f (alpha=1): 8a2155 / 2f2f2f
[r] Alpha 2f (alpha=2): 8a2155 / e1e1e1
[r] Alpha 2f (alpha=3): 8a2155 / c3c3c3
[r] Alpha 2f (alpha=4): 8a2155 / a5a5a5
[r] Alpha 2f (alpha=5): 8a2155 / 888888
[r] Alpha 2f (alpha=6): 8a2155 / 6a6a6a
[r] Alpha 2f (alpha=7): 8a2155 / 4c4c4c
[r] Alpha 30 (alpha=0): 8a2155 / ffffff
[r] Alpha 30 (alpha=1): 8a2155 / 303030
[r] Alpha 30 (alpha=2): 8a2155 / e1e1e1
[r] Alpha 30 (alpha=3): 8a2155 / c3c3c3
[r] Alpha 30 (alpha=4): 8a2155 / a6a6a6
[r] Alpha 30 (alpha=5): 8a2155 / 888888
[r] Alpha 30 (alpha=6): 8a2155 / 6b6b6b
[r] Alpha 30 (alpha=7): 8a2155 / 4d4d4d
[r] Alpha 31 (alpha=0): 8a2155 / ffffff
[r] Alpha 31 (alpha=1): 8a2155 / 313131
[r] Alpha 31 (alpha=2): 8a2155 / e1e1e1
[r] Alpha 31 (alpha=3): 8a2155 / c4c4c4
[r] Alpha 31 (alpha=4): 8a2155 / a6a6a6
[r] Alpha 31 (alpha=5): 8a2155 / 898989
[r] Alpha 31 (alpha=6): 8a2155 / 6b6b6b
[r] Alpha 31 (alpha=7): 8a2155 / 4e4e4e
[r] Alpha 32 (alpha=0): 8a2155 / ffffff
[r] Alpha 32 (alpha=1): 8a2155 / 323232
[r] Alpha 32 (alpha=2): 8a2155 / e1e1e1
[r] Alpha 32 (alpha=3): 8a2155 / c4c4c4
[r] Alpha 32 (alpha=4): 8a2155 / a7a7a7
[r] Alpha 32 (alpha=5): 8a2155 / 898989
[r] Alpha 32 (alpha=6): 8a2155 / 6c6c6c
[r] Alpha 32 (alpha=7): 8a2155 / 4f4f4f
[r] Alpha 33 (alpha=0): 8a2155 / ffffff
[r] Alpha 33 (alpha=1): 8a2155 / 333333
[r] Alpha 33 (alpha=2): 8a2155 / e1e1e1
[r] Alpha 33 (alpha=3): 8a2155 / c4c4c4
[r] Alpha 33 (alpha=4): 8a2155 / a7a7a7
[r] Alpha 33 (alpha=5): 8a2155 / 8a8a8a
[r] Alpha 33 (alpha=6): 8a2155 / 6d6d6d
[r] Alpha 33 (alpha=7): 8a2155 / 505050
[r] Alpha 34 (alpha=0): 8a2155 / ffffff
[r] Alpha 34 (alpha=1): 8a2155 / 343434
[r] Alpha 34 (alpha=2): 8a2155 / e2e2e2
[r] Alpha 34 (alpha=3): 8a2155 / c5c5c5
[r] Alpha 34 (alpha=4): 8a2155 / a8a8a8
[r] Alpha 34 (alpha=5): 8a2155 / 8b8b8b
[r] Alpha 34 (alpha=6): 8a2155 / 6e6e6e
[r] Alpha 34 (alpha=7): 8a2155 / 515151
[r] Alpha 35 (alpha=0): 8a2155 / ffffff
[r] Alpha 35 (alpha=1): 8a2155 / 353535
[r] Alpha 35 (alpha=2): 8a2155 / e2e2e2
[r] Alpha 35 (alpha=3): 8a2155 / c5c5c5
[r] Alpha 35 (alpha=4): 8a2155 / a8a8a8
[r] Alpha 35 (alpha=5): 8a2155 / 8b8b8b
[r] Alpha 35 (alpha=6): 8a2155 / 6e6e6e
[r] Alpha 35 (alpha=7): 8a2155 / 515151
[r] Alpha 36 (alpha=0): 8a2155 / ffffff
[r] Alpha 36 (alpha=1): 8a2155 / 363636
[r] Alpha 36 (alpha=2): 8a2155 / e2e2e2
[r] Alpha 36 (alpha=3): 8a2155 / c5c5c5
[r] Alpha 36 (alpha=4): 8a2155 / a8a8a8
[r] Alpha 36 (alpha=5): 8a2155 / 8c8c8c
[r] Alpha 36 (alpha=6): 8a2155 / 6f6f6f
[r] Alpha 36 (alpha=7): 8a2155 / 525252
[r] Alpha 37 (alpha=0): 8a2155 / ffffff
[r] Alpha 37 (alpha=1): 8a2155 / 373737
[r] Alpha 37 (alpha=2): 8a2155 / e2e2e2
[r] Alpha 37 (alpha=3): 8a2155 / c5c5c5
[r] Alpha 37 (alpha=4): 8a2155 / a9a9a9
[r] Alpha 37 (alpha=5): 8a2155 / 8c8c8c
[r] Alpha 37 (alpha=6): 8a2155 / 707070
[r] Alpha 37 (alpha=7): 8a2155 / 535353
[r] Alpha 38 (alpha=0): 8a2155 / ffffff
[r] Alpha 38 (alpha=1): 8a2155 / 383838
[r] Alpha 38 (alpha=2): 8a2155 / e2e2e2
[r] Alpha 38 (alpha=3): 8a2155 / c6c6c6
[r] Alpha 38 (alpha=4): 8a2155 / a9a9a9
[r] Alpha 38 (alpha=5): 8a2155 / 8d8d8d
[r] Alpha 38 (alpha=6): 8a2155 / 707070
[r] Alpha 38 (alpha=7): 8a2155 / 545454
[r] Alpha 39 (alpha=0): 8a2155 / ffffff
[r] Alpha 39 (alpha=1): 8a2155 / 393939
[r] Alpha 39 (alpha=2): 8a2155 / e2e2e2
[r] Alpha 39 (alpha=3): 8a2155 / c6c6c6
[r] Alpha 39 (alpha=4): 8a2155 / aaaaaa
[r] Alpha 39 (alpha=5): 8a2155 / 8d8d8d
[r] Alpha 39 (alpha=6): 8a2155 / 717171
[r] Alpha 39 (alpha=7): 8a2155 / 555555
[r] Alpha 3a (alpha=0): 8a2155 / ffffff
[r] Alpha 3a (alpha=1): 8a2155 / 3a3a3a
[r] Alpha 3a (alpha=2): 8a2155 / e2e2e2
[r] Alpha 3a (alpha=3): 8a2155 / c6c6c6
[r] Alpha 3a (alpha=4): 8a2155 / aaaaaa
[r] Alpha 3a (alpha=5): 8a2155 / 8e8e8e
[r] Alpha 3a (alpha=6): 8a2155 / 727272
[r] Alpha 3a (alpha=7): 8a2155 / 565656
[r] Alpha 3b (alpha=0): 8a2155 / ffffff
[r] Alpha 3b (alpha=1): 8a2155 / 3b3b3b
[r] Alpha 3b (alpha=2): 8a2155 / e3e3e3
[r] Alpha 3b (alpha=3): 8a2155 / c7c7c7
[r] Alpha 3b (alpha=4): 8a2155 / ababab
[r] Alpha 3b (alpha=5): 8a2155 / 8f8f8f
[r] Alpha 3b (alpha=6): 8a2155 / 737373
[r] Alpha 3b (alpha=7): 8a2155 / 575757
[r] Alpha 3c (alpha=0): 8a2155 / ffffff
[r] Alpha 3c (alpha=1): 8a2155 / 3c3c3c
[r] Alpha 3c (alpha=2): 8a2155 / e3e3e3
[r] Alpha 3c (alpha=3): 8a2155 / c7c7c7
[r] Alpha 3c (alpha=4): 8a2155 / ababab
[r] Alpha 3c (alpha=5): 8a2155 / 8f8f8f
[r] Alpha 3c (alpha=6): 8a2155 / 737373
[r] Alpha 3c (alpha=7): 8a2155 / 575757
[r] Alpha 3d (alpha=0): 8a2155 / ffffff
[r] Alpha 3d (alpha=1): 8a2155 / 3d3d3d
[r] Alpha 3d (alpha=2): 8a2155 / e3e3e3
[r] Alpha 3d (alpha=3): 8a2155 / c7c7c7
[r] Alpha 3d (alpha=4): 8a2155 / ababab
[r] Alpha 3d (alpha=5): 8a2155 / 909090
[r] Alpha 3d (alpha=6): 8a2155 / 747474
[r] Alpha 3d (alpha=7): 8a2155 / 585858
[r] Alpha 3e (alpha=0): 8a2155 / ffffff
[r] Alpha 3e (alpha=1): 8a2155 / 3e3e3e
[r] Alpha 3e (alpha=2): 8a2155 / e3e3e3
[r] Alpha 3e (alpha=3): 8a2155 / c7c7c7
[r] Alpha 3e (alpha=4): 8a2155 / acacac
[r] Alpha 3e (alpha=5): 8a2155 / 909090
[r] Alpha 3e (alpha=6): 8a2155 / 757575
[r] Alpha 3e (alpha=7): 8a2155 / 595959
[r] Alpha 3f (alpha=0): 8a2155 / ffffff
[r] Alpha 3f (alpha=1): 8a2155 / 3f3f3f
[r] Alpha 3f (alpha=2): 8a2155 / e3e3e3
[r] Alpha 3f (alpha=3): 8a2155 / c8c8c8
[r] Alpha 3f (alpha=4): 8a2155 / acacac
[r] Alpha 3f (alpha=5): 8a2155 / 919191
[r] Alpha 3f (alpha=6): 8a2155 / 757575
[r] Alpha 3f (alpha=7): 8a2155 / 5a5a5a
[r] Alpha 40 (alpha=0): 8a2155 / ffffff
[r] Alpha 40 (alpha=1): 8a2155 / 404040
[r] Alpha 40 (alpha=2): 8a2155 / e3e3e3
[r] Alpha 40 (alpha=3): 8a2155 / c8c8c8
[r] Alpha 40 (alpha=4): 8a2155 / adadad
[r] Alpha 40 (alpha=5): 8a2155 / 919191
[r] Alpha 40 (alpha=6): 8a2155 / 767676
[r] Alpha 40 (alpha=7): 8a2155 / 5b5b5b
[r] Alpha 41 (alpha=0): 8a2155 / ffffff
[r] Alpha 41 (alpha=1): 8a2155 / 414141
[r] Alpha 41 (alpha=2): 8a2155 / e3e3e3
[r] Alpha 41 (alpha=3): 8a2155 / c8c8c8
[r] Alpha 41 (alpha=4): 8a2155 / adadad
[r] Alpha 41 (alpha=5): 8a2155 / 929292
[r] Alpha 41 (alpha=6): 8a2155 / 777777
[r] Alpha 41 (alpha=7): 8a2155 / 5c5c5c
[r] Alpha 42 (alpha=0): 8a2155 / ffffff
[r] Alpha 42 (alpha=1): 8a2155 / 424242
[r] Alpha 42 (alpha=2): 8a2155 / e4e4e4
[r] Alpha 42 (alpha=3): 8a2155 / c9c9c9
[r] Alpha 42 (alpha=4): 8a2155 / aeaeae
[r] Alpha 42 (alpha=5): 8a2155 / 939393
[r] Alpha 42 (alpha=6): 8a2155 / 787878
[r] Alpha 42 (alpha=7): 8a2155 / 5d5d5d
[r] Alpha 43 (alpha=0): 8a2155 / ffffff
[r] Alpha 43 (alpha=1): 8a2155 / 434343
[r] Alpha 43 (alpha=2): 8a2155 / e4e4e4
[r] Alpha 43 (alpha=3): 8a2155 / c9c9c9
[r] Alpha 43 (alpha=4): 8a2155 / aeaeae
[r] Alpha 43 (alpha=5): 8a2155 / 939393
[r] Alpha 43 (alpha=6): 8a2155 / 787878
[r] Alpha 43 (alpha=7): 8a2155 / 5d5d5d
[r] Alpha 44 (alpha=0): 8a2155 / ffffff
[r] Alpha 44 (alpha=1): 8a2155 / 444444
[r] Alpha 44 (alpha=2): 8a2155 / e4e4e4
[r] Alpha 44 (alpha=3): 8a2155 / c9c9c9
[r] Alpha 44 (alpha=4): 8a2155 / aeaeae
[r] Alpha 44 (alpha=5): 8a2155 / 949494
[r] Alpha 44 (alpha=6): 8a2155 / 797979
[r] Alpha 44 (alpha=7): 8a2155 / 5e5e5e
[r] Alpha 45 (alpha=0): 8a2155 / ffffff
[r] Alpha 45 (alpha=1): 8a2155 / 454545
[r] Alpha 45 (alpha=2): 8a2155 / e4e4e4
[r] Alpha 45 (alpha=3): 8a2155 / c9c9c9
[r] Alpha 45 (alpha=4): 8a2155 / afafaf
[r] Alpha 45 (alpha=5): 8a2155 / 949494
[r] Alpha 45 (alpha=6): 8a2155 / 7a7a7a
[r] Alpha 45 (alpha=7): 8a2155 / 5f5f5f
[r] Alpha 46 (alpha=0): 8a2155 / ffffff
[r] Alpha 46 (alpha=1): 8a2155 / 464646
[r] Alpha 46 (alpha=2): 8a2155 / e4e4e4
[r] Alpha 46 (alpha=3): 8a2155 / cacaca
[r] Alpha 46 (alpha=4): 8a2155 / afafaf
[r] Alpha 46 (alpha=5): 8a2155 / 959595
[r] Alpha 46 (alpha=6): 8a2155 / 7a7a7a
[r] Alpha 46 (alpha=7): 8a2155 / 606060
[r] Alpha 47 (alpha=0): 8a2155 / ffffff
[r] Alpha 47 (alpha=1): 8a2155 / 474747
[r] Alpha 47 (alpha=2): 8a2155 / e4e4e4
[r] Alpha 47 (alpha=3): 8a2155 / cacaca
[r] Alpha 47 (alpha=4): 8a2155 / b0b0b0
[r] Alpha 47 (alpha=5): 8a2155 / 959595
[r] Alpha 47 (alpha=6): 8a2155 / 7b7b7b
[r] Alpha 47 (alpha=7): 8a2155 / 616161
[r] Alpha 48 (alpha=0): 8a2155 / ffffff
[r] Alpha 48 (alpha=1): 8a2155 / 484848
[r] Alpha 48 (alpha=2): 8a2155 / e4e4e4
[r] Alpha 48 (alpha=3): 8a2155 / cacaca
[r] Alpha 48 (alpha=4): 8a2155 / b0b0b0
[r] Alpha 48 (alpha=5): 8a2155 / 969696
[r] Alpha 48 (alpha=6): 8a2155 / 7c7c7c
[r] Alpha 48 (alpha=7): 8a2155 / 626262
[r] Alpha 49 (alpha=0): 8a2155 / ffffff
[r] Alpha 49 (alpha=1): 8a2155 / 494949
[r] Alpha 49 (alpha=2): 8a2155 / e5e5e5
[r] Alpha 49 (alpha=3): 8a2155 / cbcbcb
[r] Alpha 49 (alpha=4): 8a2155 / b1b1b1
[r] Alpha 49 (alpha=5): 8a2155 / 979797
[r] Alpha 49 (alpha=6): 8a2155 / 7d7d7d
[r] Alpha 49 (alpha=7): 8a2155 / 636363
[r] Alpha 4a (alpha=0): 8a2155 / ffffff
[r] Alpha 4a (alpha=1): 8a2155 / 4a4a4a
[r] Alpha 4a (alpha=2): 8a2155 / e5e5e5
[r] Alpha 4a (alpha=3): 8a2155 / cbcbcb
[r] Alpha 4a (alpha=4): 8a2155 / b1b1b1
[r] Alpha 4a (alpha=5): 8a2155 / 979797
[r] Alpha 4a (alpha=6): 8a2155 / 7d7d7d
[r] Alpha 4a (alpha=7): 8a2155 / 636363
[r] Alpha 4b (alpha=0): 8a2155 / ffffff
[r] Alpha 4b (alpha=1): 8a2155 / 4b4b4b
[r] Alpha 4b (alpha=2): 8a2155 / e5e5e5
[r] Alpha 4b (alpha=3): 8a2155 / cbcbcb
[r] Alpha 4b (alpha=4): 8a2155 / b1b1b1
[r] Alpha 4b (alpha=5): 8a2155 / 989898
[r] Alpha 4b (alpha=6): 8a2155 / 7e7e7e
[r] Alpha 4b (alpha=7): 8a2155 / 646464
[r] Alpha 4c (alpha=0): 8a2155 / ffffff
[r] Alpha 4c (alpha=1): 8a2155 / 4c4c4c
[r] Alpha 4c (alpha=2): 8a2155 / e5e5e5
[r] Alpha 4c (alpha=3): 8a2155 / cbcbcb
[r] Alpha 4c (alpha=4): 8a2155 / b2b2b2
[r] Alpha 4c (alpha=5): 8a2155 / 989898
[r] Alpha 4c (alpha=6): 8a2155 / 7f7f7f
[r] Alpha 4c (alpha=7): 8a2155 / 656565
[r] Alpha 4d (alpha=0): 8a2155 / ffffff
[r] Alpha 4d (alpha=1): 8a2155 / 4d4d4d
[r] Alpha 4d (alpha=2): 8a2155 / e5e5e5
[r] Alpha 4d (alpha=3): 8a2155 / cccccc
[r] Alpha 4d (alpha=4): 8a2155 / b2b2b2
[r] Alpha 4d (alpha=5): 8a2155 / 999999
[r] Alpha 4d (alpha=6): 8a2155 / 7f7f7f
[r] Alpha 4d (alpha=7): 8a2155 / 666666
[r] Alpha 4e (alpha=0): 8a2155 / ffffff
[r] Alpha 4e (alpha=1): 8a2155 / 4e4e4e
[r] Alpha 4e (alpha=2): 8a2155 / e5e5e5
[r] Alpha 4e (alpha=3): 8a2155 / cccccc
[r] Alpha 4e (alpha=4): 8a2155 / b3b3b3
[r] Alpha 4e (alpha=5): 8a2155 / 999999
[r] Alpha 4e (alpha=6): 8a2155 / 808080
[r] Alpha 4e (alpha=7): 8a2155 / 676767
[r] Alpha 4f (alpha=0): 8a2155 / ffffff
[r] Alpha 4f (alpha=1): 8a2155 / 4f4f4f
[r] Alpha 4f (alpha=2): 8a2155 / e5e5e5
[r] Alpha 4f (alpha=3): 8a2155 / cccccc
[r] Alpha 4f (alpha=4): 8a2155 / b3b3b3
[r] Alpha 4f (alpha=5): 8a2155 / 9a9a9a
[r] Alpha 4f (alpha=6): 8a2155 / 818181
[r] Alpha 4f (alpha=7): 8a2155 / 686868
[r] Alpha 50 (alpha=0): 8a2155 / ffffff
[r] Alpha 50 (alpha=1): 8a2155 / 505050
[r] Alpha 50 (alpha=2): 8a2155 / e6e6e6
[r] Alpha 50 (alpha=3): 8a2155 / cdcdcd
[r] Alpha 50 (alpha=4): 8a2155 / b4b4b4
[r] Alpha 50 (alpha=5): 8a2155 / 9b9b9b
[r] Alpha 50 (alpha=6): 8a2155 / 828282
[r] Alpha 50 (alpha=7): 8a2155 / 696969
[r] Alpha 51 (alpha=0): 8a2155 / ffffff
[r] Alpha 51 (alpha=1): 8a2155 / 515151
[r] Alpha 51 (alpha=2): 8a2155 / e6e6e6
[r] Alpha 51 (alpha=3): 8a2155 / cdcdcd
[r] Alpha 51 (alpha=4): 8a2155 / b4b4b4
[r] Alpha 51 (alpha=5): 8a2155 / 9b9b9b
[r] Alpha 51 (alpha=6): 8a2155 / 828282
[r] Alpha 51 (alpha=7): 8a2155 / 696969
[r] Alpha 52 (alpha=0): 8a2155 / ffffff
[r] Alpha 52 (alpha=1): 8a2155 / 525252
[r] Alpha 52 (alpha=2): 8a2155 / e6e6e6
[r] Alpha 52 (alpha=3): 8a2155 / cdcdcd
[r] Alpha 52 (alpha=4): 8a2155 / b4b4b4
[r] Alpha 52 (alpha=5): 8a2155 / 9c9c9c
[r] Alpha 52 (alpha=6): 8a2155 / 838383
[r] Alpha 52 (alpha=7): 8a2155 / 6a6a6a
[r] Alpha 53 (alpha=0): 8a2155 / ffffff
[r] Alpha 53 (alpha=1): 8a2155 / 535353
[r] Alpha 53 (alpha=2): 8a2155 / e6e6e6
[r] Alpha 53 (alpha=3): 8a2155 / cdcdcd
[r] Alpha 53 (alpha=4): 8a2155 / b5b5b5
[r] Alpha 53 (alpha=5): 8a2155 / 9c9c9c
[r] Alpha 53 (alpha=6): 8a2155 / 848484
[r] Alpha 53 (alpha=7): 8a2155 / 6b6b6b
[r] Alpha 54 (alpha=0): 8a2155 / ffffff
[r] Alpha 54 (alpha=1): 8a2155 / 545454
[r] Alpha 54 (alpha=2): 8a2155 / e6e6e6
[r] Alpha 54 (alpha=3): 8a2155 / cecece
[r] Alpha 54 (alpha=4): 8a2155 / b5b5b5
[r] Alpha 54 (alpha=5): 8a2155 / 9d9d9d
[r] Alpha 54 (alpha=6): 8a2155 / 848484
[r] Alpha 54 (alpha=7): 8a2155 / 6c6c6c
[r] Alpha 55 (alpha=0): 8a2155 / ffffff
[r] Alpha 55 (alpha=1): 8a2155 / 555555
[r] Alpha 55 (alpha=2): 8a2155 / e6e6e6
[r] Alpha 55 (alpha=3): 8a2155 / cecece
[r] Alpha 55 (alpha=4): 8a2155 / b6b6b6
[r] Alpha 55 (alpha=5): 8a2155 / 9d9d9d
[r] Alpha 55 (alpha=6): 8a2155 / 858585
[r] Alpha 55 (alpha=7): 8a2155 / 6d6d6d
[r] Alpha 56 (alpha=0): 8a2155 / ffffff
[r] Alpha 56 (alpha=1): 8a2155 / 565656
[r] Alpha 56 (alpha=2): 8a2155 / e6e6e6
[r] Alpha 56 (alpha=3): 8a2155 / cecece
[r] Alpha 56 (alpha=4): 8a2155 / b6b6b6
[r] Alpha 56 (alpha=5): 8a2155 / 9e9e9e
[r] Alpha 56 (alpha=6): 8a2155 / 868686
[r] Alpha 56 (alpha=7): 8a2155 / 6e6e6e
[r] Alpha 57 (alpha=0): 8a2155 / ffffff
[r] Alpha 57 (alpha=1): 8a2155 / 575757
[r] Alpha 57 (alpha=2): 8a2155 / e7e7e7
[r] Alpha 57 (alpha=3): 8a2155 / cfcfcf
[r] Alpha 57 (alpha=4): 8a2155 / b7b7b7
[r] Alpha 57 (alpha=5): 8a2155 / 9f9f9f
[r] Alpha 57 (alpha=6): 8a2155 / 878787
[r] Alpha 57 (alpha=7): 8a2155 / 6f6f6f
[r] Alpha 58 (alpha=0): 8a2155 / ffffff
[r] Alpha 58 (alpha=1): 8a2155 / 585858
[r] Alpha 58 (alpha=2): 8a2155 / e7e7e7
[r] Alpha 58 (alpha=3): 8a2155 / cfcfcf
[r] Alpha 58 (alpha=4): 8a2155 / b7b7b7
[r] Alpha 58 (alpha=5): 8a2155 / 9f9f9f
[r] Alpha 58 (alpha=6): 8a2155 / 878787
[r] Alpha 58 (alpha=7): 8a2155 / 6f6f6f
[r] Alpha 59 (alpha=0): 8a2155 / ffffff
[r] Alpha 59 (alpha=1): 8a2155 / 595959
[r] Alpha 59 (alpha=2): 8a2155 / e7e7e7
[r] Alpha 59 (alpha=3): 8a2155 / cfcfcf
[r] Alpha 59 (alpha=4): 8a2155 / b7b7b7
[r] Alpha 59 (alpha=5): 8a2155 / a0a0a0
[r] Alpha 59 (alpha=6): 8a2155 / 888888
[r] Alpha 59 (alpha=7): 8a2155 / 707070
[r] Alpha 5a (alpha=0): 8a2155 / ffffff
[r] Alpha 5a (alpha=1): 8a2155 / 5a5a5a
[r] Alpha 5a (alpha=2): 8a2155 / e7e7e7
[r] Alpha 5a (alpha=3): 8a2155 / cfcfcf
[r] Alpha 5a (alpha=4): 8a2155 / b8b8b8
[r] Alpha 5a (alpha=5): 8a2155 / a0a0a0
[r] Alpha 5a (alpha=6): 8a2155 / 898989
[r] Alpha 5a (alpha=7): 8a2155 / 717171
[r] Alpha 5b (alpha=0): 8a2155 / ffffff
[r] Alpha 5b (alpha=1): 8a2155 / 5b5b5b
[r] Alpha 5b (alpha=2): 8a2155 / e7e7e7
[r] Alpha 5b (alpha=3): 8a2155 / d0d0d0
[r] Alpha 5b (alpha=4): 8a2155 / b8b8b8
[r] Alpha 5b (alpha=5): 8a2155 / a1a1a1
[r] Alpha 5b (alpha=6): 8a2155 / 898989
[r] Alpha 5b (alpha=7): 8a2155 / 727272
[r] Alpha 5c (alpha=0): 8a2155 / ffffff
[r] Alpha 5c (alpha=1): 8a2155 / 5c5c5c
[r] Alpha 5c (alpha=2): 8a2155 / e7e7e7
[r] Alpha 5c (alpha=3): 8a2155 / d0d0d0
[r] Alpha 5c (alpha=4): 8a2155 / b9b9b9
[r] Alpha 5c (alpha=5): 8a2155 / a1a1a1
[r] Alpha 5c (alpha=6): 8a2155 / 8a8a8a
[r] Alpha 5c (alpha=7): 8a2155 / 737373
[r] Alpha 5d (alpha=0): 8a2155 / ffffff
[r] Alpha 5d (alpha=1): 8a2155 / 5d5d5d
[r] Alpha 5d (alpha=2): 8a2155 / e7e7e7
[r] Alpha 5d (alpha=3): 8a2155 / d0d0d0
[r] Alpha 5d (alpha=4): 8a2155 / b9b9b9
[r] Alpha 5d (alpha=5): 8a2155 / a2a2a2
[r] Alpha 5d (alpha=6): 8a2155 / 8b8b8b
[r] Alpha 5d (alpha=7): 8a2155 / 747474
[r] Alpha 5e (alpha=0): 8a2155 / ffffff
[r] Alpha 5e (alpha=1): 8a2155 / 5e5e5e
[r] Alpha 5e (alpha=2): 8a2155 / e8e8e8
[r] Alpha 5e (alpha=3): 8a2155 / d1d1d1
[r] Alpha 5e (alpha=4): 8a2155 / bababa
[r] Alpha 5e (alpha=5): 8a2155 / a3a3a3
[r] Alpha 5e (alpha=6): 8a2155 / 8c8c8c
[r] Alpha 5e (alpha=7): 8a2155 / 757575
[r] Alpha 5f (alpha=0): 8a2155 / ffffff
[r] Alpha 5f (alpha=1): 8a2155 / 5f5f5f
[r] Alpha 5f (alpha=2): 8a2155 / e8e8e8
[r] Alpha 5f (alpha=3): 8a2155 / d1d1d1
[r] Alpha 5f (alpha=4): 8a2155 / bababa
[r] Alpha 5f (alpha=5): 8a2155 / a3a3a3
[r] Alpha 5f (alpha=6): 8a2155 / 8c8c8c
[r] Alpha 5f (alpha=7): 8a2155 / 757575
[r] Alpha 60 (alpha=0): 8a2155 / ffffff
[r] Alpha 60 (alpha=1): 8a2155 / 606060
[r] Alpha 60 (alpha=2): 8a2155 / e8e8e8
[r] Alpha 60 (alpha=3): 8a2155 / d1d1d1
[r] Alpha 60 (alpha=4): 8a2155 / bababa
[r] Alpha 60 (alpha=5): 8a2155 / a4a4a4
[r] Alpha 60 (alpha=6): 8a2155 / 8d8d8d
[r] Alpha 60 (alpha=7): 8a2155 / 767676
[r] Alpha 61 (alpha=0): 8a2155 / ffffff
[r] Alpha 61 (alpha=1): 8a2155 / 616161
[r] Alpha 61 (alpha=2): 8a2155 / e8e8e8
[r] Alpha 61 (alpha=3): 8a2155 / d1d1d1
[r] Alpha 61 (alpha=4): 8a2155 / bbbbbb
[r] Alpha 61 (alpha=5): 8a2155 / a4a4a4
[r] Alpha 61 (alpha=6): 8a2155 / 8e8e8e
[r] Alpha 61 (alpha=7): 8a2155 / 777777
[r] Alpha 62 (alpha=0): 8a2155 / ffffff
[r] Alpha 62 (alpha=1): 8a2155 / 626262
[r] Alpha 62 (alpha=2): 8a2155 / e8e8e8
[r] Alpha 62 (alpha=3): 8a2155 / d2d2d2
[r] Alpha 62 (alpha=4): 8a2155 / bbbbbb
[r] Alpha 62 (alpha=5): 8a2155 / a5a5a5
[r] Alpha 62 (alpha=6): 8a2155 / 8e8e8e
[r] Alpha 62 (alpha=7): 8a2155 / 787878
[r] Alpha 63 (alpha=0): 8a2155 / ffffff
[r] Alpha 63 (alpha=1): 8a2155 / 636363
[r] Alpha 63 (alpha=2): 8a2155 / e8e8e8
[r] Alpha 63 (alpha=3): 8a2155 / d2d2d2
[r] Alpha 63 (alpha=4): 8a2155 / bcbcbc
[r] Alpha 63 (alpha=5): 8a2155 / a5a5a5
[r] Alpha 63 (alpha=6): 8a2155 / 8f8f8f
[r] Alpha 63 (alpha=7): 8a2155 / 797979
[r] Alpha 64 (alpha=0): 8a2155 / ffffff
[r] Alpha 64 (alpha=1): 8a2155 / 646464
[r] Alpha 64 (alpha=2): 8a2155 / e8e8e8
[r] Alpha 64 (alpha=3): 8a2155 / d2d2d2
[r] Alpha 64 (alpha=4): 8a2155 / bcbcbc
[r] Alpha 64 (alpha=5): 8a2155 / a6a6a6
[r] Alpha 64 (alpha=6): 8a2155 / 909090
[r] Alpha 64 (alpha=7): 8a2155 / 7a7a7a
[r] Alpha 65 (alpha=0): 8a2155 / ffffff
[r] Alpha 65 (alpha=1): 8a2155 / 656565
[r] Alpha 65 (alpha=2): 8a2155 / e9e9e9
[r] Alpha 65 (alpha=3): 8a2155 / d3d3d3
[r] Alpha 65 (alpha=4): 8a2155 / bdbdbd
[r] Alpha 65 (alpha=5): 8a2155 / a7a7a7
[r] Alpha 65 (alpha=6): 8a2155 / 919191
[r] Alpha 65 (alpha=7): 8a2155 / 7b7b7b
[r] Alpha 66 (alpha=0): 8a2155 / ffffff
[r] Alpha 66 (alpha=1): 8a2155 / 666666
[r] Alpha 66 (alpha=2): 8a2155 / e9e9e9
[r] Alpha 66 (alpha=3): 8a2155 / d3d3d3
[r] Alpha 66 (alpha=4): 8a2155 / bdbdbd
[r] Alpha 66 (alpha=5): 8a2155 / a7a7a7
[r] Alpha 66 (alpha=6): 8a2155 / 919191
[r] Alpha 66 (alpha=7): 8a2155 / 7b7b7b
[r] Alpha 67 (alpha=0): 8a2155 / ffffff
[r] Alpha 67 (alpha=1): 8a2155 / 676767
[r] Alpha 67 (alpha=2): 8a2155 / e9e9e9
[r] Alpha 67 (alpha=3): 8a2155 / d3d3d3
[r] Alpha 67 (alpha=4): 8a2155 / bdbdbd
[r] Alpha 67 (alpha=5): 8a2155 / a8a8a8
[r] Alpha 67 (alpha=6): 8a2155 / 929292
[r] Alpha 67 (alpha=7): 8a2155 / 7c7c7c
[r] Alpha 68 (alpha=0): 8a2155 / ffffff
[r] Alpha 68 (alpha=1): 8a2155 / 686868
[r] Alpha 68 (alpha=2): 8a2155 / e9e9e9
[r] Alpha 68 (alpha=3): 8a2155 / d3d3d3
[r] Alpha 68 (alpha=4): 8a2155 / bebebe
[r] Alpha 68 (alpha=5): 8a2155 / a8a8a8
[r] Alpha 68 (alpha=6): 8a2155 / 939393
[r] Alpha 68 (alpha=7): 8a2155 / 7d7d7d
[r] Alpha 69 (alpha=0): 8a2155 / ffffff
[r] Alpha 69 (alpha=1): 8a2155 / 696969
[r] Alpha 69 (alpha=2): 8a2155 / e9e9e9
[r] Alpha 69 (alpha=3): 8a2155 / d4d4d4
[r] Alpha 69 (alpha=4): 8a2155 / bebebe
[r] Alpha 69 (alpha=5): 8a2155 / a9a9a9
[r] Alpha 69 (alpha=6): 8a2155 / 939393
[r] Alpha 69 (alpha=7): 8a2155 / 7e7e7e
[r] Alpha 6a (alpha=0): 8a2155 / ffffff
[r] Alpha 6a (alpha=1): 8a2155 / 6a6a6a
[r] Alpha 6a (alpha=2): 8a2155 / e9e9e9
[r] Alpha 6a (alpha=3): 8a2155 / d4d4d4
[r] Alpha 6a (alpha=4): 8a2155 / bfbfbf
[r] Alpha 6a (alpha=5): 8a2155 / a9a9a9
[r] Alpha 6a (alpha=6): 8a2155 / 949494
[r] Alpha 6a (alpha=7): 8a2155 / 7f7f7f
[r] Alpha 6b (alpha=0): 8a2155 / ffffff
[r] Alpha 6b (alpha=1): 8a2155 / 6b6b6b
[r] Alpha 6b (alpha=2): 8a2155 / e9e9e9
[r] Alpha 6b (alpha=3): 8a2155 / d4d4d4
[r] Alpha 6b (alpha=4): 8a2155 / bfbfbf
[r] Alpha 6b (alpha=5): 8a2155 / aaaaaa
[r] Alpha 6b (alpha=6): 8a2155 / 959595
[r] Alpha 6b (alpha=7): 8a2155 / 808080
[r] Alpha 6c (alpha=0): 8a2155 / ffffff
[r] Alpha 6c (alpha=1): 8a2155 / 6c6c6c
[r] Alpha 6c (alpha=2): 8a2155 / eaeaea
[r] Alpha 6c (alpha=3): 8a2155 / d5d5d5
[r] Alpha 6c (alpha=4): 8a2155 / c0c0c0
[r] Alpha 6c (alpha=5): 8a2155 / ababab
[r] Alpha 6c (alpha=6): 8a2155 / 969696
[r] Alpha 6c (alpha=7): 8a2155 / 818181
[r] Alpha 6d (alpha=0): 8a2155 / ffffff
[r] Alpha 6d (alpha=1): 8a2155 / 6d6d6d
[r] Alpha 6d (alpha=2): 8a2155 / eaeaea
[r] Alpha 6d (alpha=3): 8a2155 / d5d5d5
[r] Alpha 6d (alpha=4): 8a2155 / c0c0c0
[r] Alpha 6d (alpha=5): 8a2155 / ababab
[r] Alpha 6d (alpha=6): 8a2155 / 969696
[r] Alpha 6d (alpha=7): 8a2155 / 818181
[r] Alpha 6e (alpha=0): 8a2155 / ffffff
[r] Alpha 6e (alpha=1): 8a2155 / 6e6e6e
[r] Alpha 6e (alpha=2): 8a2155 / eaeaea
[r] Alpha 6e (alpha=3): 8a2155 / d5d5d5
[r] Alpha 6e (alpha=4): 8a2155 / c0c0c0
[r] Alpha 6e (alpha=5): 8a2155 / acacac
[r] Alpha 6e (alpha=6): 8a2155 / 979797
[r] Alpha 6e (alpha=7): 8a2155 / 828282
[r] Alpha 6f (alpha=0): 8a2155 / ffffff
[r] Alpha 6f (alpha=1): 8a2155 / 6f6f6f
[r] Alpha 6f (alpha=2): 8a2155 / eaeaea
[r] Alpha 6f (alpha=3): 8a2155 / d5d5d5
[r] Alpha 6f (alpha=4): 8a2155 / c1c1c1
[r] Alpha 6f (alpha=5): 8a2155 / acacac
[r] Alpha 6f (alpha=6): 8a2155 / 989898
[r] Alpha 6f (alpha=7): 8a2155 / 838383
[r] Alpha 70 (alpha=0): 8a2155 / ffffff
[r] Alpha 70 (alpha=1): 8a2155 / 707070
[r] Alpha 70 (alpha=2): 8a2155 / eaeaea
[r] Alpha 70 (alpha=3): 8a2155 / d6d6d6
[r] Alpha 70 (alpha=4): 8a2155 / c1c1c1
[r] Alpha 70 (alpha=5): 8a2155 / adadad
[r] Alpha 70 (alpha=6): 8a2155 / 989898
[r] Alpha 70 (alpha=7): 8a2155 / 848484
[r] Alpha 71 (alpha=0): 8a2155 / ffffff
[r] Alpha 71 (alpha=1): 8a2155 / 717171
[r] Alpha 71 (alpha=2): 8a2155 / eaeaea
[r] Alpha 71 (alpha=3): 8a2155 / d6d6d6
[r] Alpha 71 (alpha=4): 8a2155 / c2c2c2
[r] Alpha 71 (alpha=5): 8a2155 / adadad
[r] Alpha 71 (alpha=6): 8a2155 / 999999
[r] Alpha 71 (alpha=7): 8a2155 / 858585
[r] Alpha 72 (alpha=0): 8a2155 / ffffff
[r] Alpha 72 (alpha=1): 8a2155 / 727272
[r] Alpha 72 (alpha=2): 8a2155 / eaeaea
[r] Alpha 72 (alpha=3): 8a2155 / d6d6d6
[r] Alpha 72 (alpha=4): 8a2155 / c2c2c2
[r] Alpha 72 (alpha=5): 8a2155 / aeaeae
[r] Alpha 72 (alpha=6): 8a2155 / 9a9a9a
[r] Alpha 72 (alpha=7): 8a2155 / 868686
[r] Alpha 73 (alpha=0): 8a2155 / ffffff
[r] Alpha 73 (alpha=1): 8a2155 / 737373
[r] Alpha 73 (alpha=2): 8a2155 / ebebeb
[r] Alpha 73 (alpha=3): 8a2155 / d7d7d7
[r] Alpha 73 (alpha=4): 8a2155 / c3c3c3
[r] Alpha 73 (alpha=5): 8a2155 / afafaf
[r] Alpha 73 (alpha=6): 8a2155 / 9b9b9b
[r] Alpha 73 (alpha=7): 8a2155 / 878787
[r] Alpha 74 (alpha=0): 8a2155 / ffffff
[r] Alpha 74 (alpha=1): 8a2155 / 747474
[r] Alpha 74 (alpha=2): 8a2155 / ebebeb
[r] Alpha 74 (alpha=3): 8a2155 / d7d7d7
[r] Alpha 74 (alpha=4): 8a2155 / c3c3c3
[r] Alpha 74 (alpha=5): 8a2155 / afafaf
[r] Alpha 74 (alpha=6): 8a2155 / 9b9b9b
[r] Alpha 74 (alpha=7): 8a2155 / 878787
[r] Alpha 75 (alpha=0): 8a2155 / ffffff
[r] Alpha 75 (alpha=1): 8a2155 / 757575
[r] Alpha 75 (alpha=2): 8a2155 / ebebeb
[r] Alpha 75 (alpha=3): 8a2155 / d7d7d7
[r] Alpha 75 (alpha=4): 8a2155 / c3c3c3
[r] Alpha 75 (alpha=5): 8a2155 / b0b0b0
[r] Alpha 75 (alpha=6): 8a2155 / 9c9c9c
[r] Alpha 75 (alpha=7): 8a2155 / 888888
[r] Alpha 76 (alpha=0): 8a2155 / ffffff
[r] Alpha 76 (alpha=1): 8a2155 / 767676
[r] Alpha 76 (alpha=2): 8a2155 / ebebeb
[r] Alpha 76 (alpha=3): 8a2155 / d7d7d7
[r] Alpha 76 (alpha=4): 8a2155 / c4c4c4
[r] Alpha 76 (alpha=5): 8a2155 / b0b0b0
[r] Alpha 76 (alpha=6): 8a2155 / 9d9d9d
[r] Alpha 76 (alpha=7): 8a2155 / 898989
[r] Alpha 77 (alpha=0): 8a2155 / ffffff
[r] Alpha 77 (alpha=1): 8a2155 / 777777
[r] Alpha 77 (alpha=2): 8a2155 / ebebeb
[r] Alpha 77 (alpha=3): 8a2155 / d8d8d8
[r] Alpha 77 (alpha=4): 8a2155 / c4c4c4
[r] Alpha 77 (alpha=5): 8a2155 / b1b1b1
[r] Alpha 77 (alpha=6): 8a2155 / 9d9d9d
[r] Alpha 77 (alpha=7): 8a2155 / 8a8a8a
[r] Alpha 78 (alpha=0): 8a2155 / ffffff
[r] Alpha 78 (alpha=1): 8a2155 / 787878
[r] Alpha 78 (alpha=2): 8a2155 / ebebeb
[r] Alpha 78 (alpha=3): 8a2155 / d8d8d8
[r] Alpha 78 (alpha=4): 8a2155 / c5c5c5
[r] Alpha 78 (alpha=5): 8a2155 / b1b1b1
[r] Alpha 78 (alpha=6): 8a2155 / 9e9e9e
[r] Alpha 78 (alpha=7): 8a2155 / 8b8b8b
[r] Alpha 79 (alpha=0): 8a2155 / ffffff
[r] Alpha 79 (alpha=1): 8a2155 / 797979
[r] Alpha 79 (alpha=2): 8a2155 / ebebeb
[r] Alpha 79 (alpha=3): 8a2155 / d8d8d8
[r] Alpha 79 (alpha=4): 8a2155 / c5c5c5
[r] Alpha 79 (alpha=5): 8a2155 / b2b2b2
[r] Alpha 79 (alpha=6): 8a2155 / 9f9f9f
[r] Alpha 79 (alpha=7): 8a2155 / 8c8c8c
[r] Alpha 7a (alpha=0): 8a2155 / ffffff
[r] Alpha 7a (alpha=1): 8a2155 / 7a7a7a
[r] Alpha 7a (alpha=2): 8a2155 / ececec
[r] Alpha 7a (alpha=3): 8a2155 / d9d9d9
[r] Alpha 7a (alpha=4): 8a2155 / c6c6c6
[r] Alpha 7a (alpha=5): 8a2155 / b3b3b3
[r] Alpha 7a (alpha=6): 8a2155 / a0a0a0
[r] Alpha 7a (alpha=7): 8a2155 / 8d8d8d
[r] Alpha 7b (alpha=0): 8a2155 / ffffff
[r] Alpha 7b (alpha=1): 8a2155 / 7b7b7b
[r] Alpha 7b (alpha=2): 8a2155 / ececec
[r] Alpha 7b (alpha=3): 8a2155 / d9d9d9
[r] Alpha 7b (alpha=4): 8a2155 / c6c6c6
[r] Alpha 7b (alpha=5): 8a2155 / b3b3b3
[r] Alpha 7b (alpha=6): 8a2155 / a0a0a0
[r] Alpha 7b (alpha=7): 8a2155 / 8d8d8d
[r] Alpha 7c (alpha=0): 8a2155 / ffffff
[r] Alpha 7c (alpha=1): 8a2155 / 7c7c7c
[r] Alpha 7c (alpha=2): 8a2155 / ececec
[r] Alpha 7c (alpha=3): 8a2155 / d9d9d9
[r] Alpha 7c (alpha=4): 8a2155 / c6c6c6
[r] Alpha 7c (alpha=5): 8a2155 / b4b4b4
[r] Alpha 7c (alpha=6): 8a2155 / a1a1a1
[r] Alpha 7c (alpha=7): 8a2155 / 8e8e8e
[r] Alpha 7d (alpha=0): 8a2155 / ffffff
[r] Alpha 7d (alpha=1): 8a2155 / 7d7d7d
[r] Alpha 7d (alpha=2): 8a2155 / ececec
[r] Alpha 7d (alpha=3): 8a2155 / d9d9d9
[r] Alpha 7d (alpha=4): 8a2155 / c7c7c7
[r] Alpha 7d (alpha=5): 8a2155 / b4b4b4
[r] Alpha 7d (alpha=6): 8a2155 / a2a2a2
[r] Alpha 7d (alpha=7): 8a2155 / 8f8f8f
[r] Alpha 7e (alpha=0): 8a2155 / ffffff
[r] Alpha 7e (alpha=1): 8a2155 / 7e7e7e
[r] Alpha 7e (alpha=2): 8a2155 / ececec
[r] Alpha 7e (alpha=3): 8a2155 / dadada
[r] Alpha 7e (alpha=4): 8a2155 / c7c7c7
[r] Alpha 7e (alpha=5): 8a2155 / b5b5b5
[r] Alpha 7e (alpha=6): 8a2155 / a2a2a2
[r] Alpha 7e (alpha=7): 8a2155 / 909090
[r] Alpha 7f (alpha=0): 8a2155 / ffffff
[r] Alpha 7f (alpha=1): 8a2155 / 7f7f7f
[r] Alpha 7f (alpha=2): 8a2155 / ececec
[r] Alpha 7f (alpha=3): 8a2155 / dadada
[r] Alpha 7f (alpha=4): 8a2155 / c8c8c8
[r] Alpha 7f (alpha=5): 8a2155 / b5b5b5
[r] Alpha 7f (alpha=6): 8a2155 / a3a3a3
[r] Alpha 7f (alpha=7): 8a2155 / 919191
[r] Alpha 80 (alpha=0): 8a2155 / ffffff
[r] Alpha 80 (alpha=1): 8a2155 / 808080
[r] Alpha 80 (alpha=2): 8a2155 / ececec
[r] Alpha 80 (alpha=3): 8a2155 / dadada
[r] Alpha 80 (alpha=4): 8a2155 / c8c8c8
[r] Alpha 80 (alpha=5): 8a2155 / b6b6b6
[r] Alpha 80 (alpha=6): 8a2155 / a4a4a4
[r] Alpha 80 (alpha=7): 8a2155 / 929292
[r] Alpha 81 (alpha=0): 8a2155 / ffffff
[r] Alpha 81 (alpha=1): 8a2155 / 818181
[r] Alpha 81 (alpha=2): 8a2155 / ededed
[r] Alpha 81 (alpha=3): 8a2155 / dbdbdb
[r] Alpha 81 (alpha=4): 8a2155 / c9c9c9
[r] Alpha 81 (alpha=5): 8a2155 / b7b7b7
[r] Alpha 81 (alpha=6): 8a2155 / a5a5a5
[r] Alpha 81 (alpha=7): 8a2155 / 939393
[r] Alpha 82 (alpha=0): 8a2155 / ffffff
[r] Alpha 82 (alpha=1): 8a2155 / 828282
[r] Alpha 82 (alpha=2): 8a2155 / ededed
[r] Alpha 82 (alpha=3): 8a2155 / dbdbdb
[r] Alpha 82 (alpha=4): 8a2155 / c9c9c9
[r] Alpha 82 (alpha=5): 8a2155 / b7b7b7
[r] Alpha 82 (alpha=6): 8a2155 / a5a5a5
[r] Alpha 82 (alpha=7): 8a2155 / 939393
[r] Alpha 83 (alpha=0): 8a2155 / ffffff
[r] Alpha 83 (alpha=1): 8a2155 / 838383
[r] Alpha 83 (alpha=2): 8a2155 / ededed
[r] Alpha 83 (alpha=3): 8a2155 / dbdbdb
[r] Alpha 83 (alpha=4): 8a2155 / c9c9c9
[r] Alpha 83 (alpha=5): 8a2155 / b8b8b8
[r] Alpha 83 (alpha=6): 8a2155 / a6a6a6
[r] Alpha 83 (alpha=7): 8a2155 / 949494
[r] Alpha 84 (alpha=0): 8a2155 / ffffff
[r] Alpha 84 (alpha=1): 8a2155 / 848484
[r] Alpha 84 (alpha=2): 8a2155 / ededed
[r] Alpha 84 (alpha=3): 8a2155 / dbdbdb
[r] Alpha 84 (alpha=4): 8a2155 / cacaca
[r] Alpha 84 (alpha=5): 8a2155 / b8b8b8
[r] Alpha 84 (alpha=6): 8a2155 / a7a7a7
[r] Alpha 84 (alpha=7): 8a2155 / 959595
[r] Alpha 85 (alpha=0): 8a2155 / ffffff
[r] Alpha 85 (alpha=1): 8a2155 / 858585
[r] Alpha 85 (alpha=2): 8a2155 / ededed
[r] Alpha 85 (alpha=3): 8a2155 / dcdcdc
[r] Alpha 85 (alpha=4): 8a2155 / cacaca
[r] Alpha 85 (alpha=5): 8a2155 / b9b9b9
[r] Alpha 85 (alpha=6): 8a2155 / a7a7a7
[r] Alpha 85 (alpha=7): 8a2155 / 969696
[r] Alpha 86 (alpha=0): 8a2155 / ffffff
[r] Alpha 86 (alpha=1): 8a2155 / 868686
[r] Alpha 86 (alpha=2): 8a2155 / ededed
[r] Alpha 86 (alpha=3): 8a2155 / dcdcdc
[r] Alpha 86 (alpha=4): 8a2155 / cbcbcb
[r] Alpha 86 (alpha=5): 8a2155 / b9b9b9
[r] Alpha 86 (alpha=6): 8a2155 / a8a8a8
[r] Alpha 86 (alpha=7): 8a2155 / 979797
[r] Alpha 87 (alpha=0): 8a2155 / ffffff
[r] Alpha 87 (alpha=1): 8a2155 / 878787
[r] Alpha 87 (alpha=2): 8a2155 / ededed
[r] Alpha 87 (alpha=3): 8a2155 / dcdcdc
[r] Alpha 87 (alpha=4): 8a2155 / cbcbcb
[r] Alpha 87 (alpha=5): 8a2155 / bababa
[r] Alpha 87 (alpha=6): 8a2155 / a9a9a9
[r] Alpha 87 (alpha=7): 8a2155 / 989898
[r] Alpha 88 (alpha=0): 8a2155 / ffffff
[r] Alpha 88 (alpha=1): 8a2155 / 888888
[r] Alpha 88 (alpha=2): 8a2155 / eeeeee
[r] Alpha 88 (alpha=3): 8a2155 / dddddd
[r] Alpha 88 (alpha=4): 8a2155 / cccccc
[r] Alpha 88 (alpha=5): 8a2155 / bbbbbb
[r] Alpha 88 (alpha=6): 8a2155 / aaaaaa
[r] Alpha 88 (alpha=7): 8a2155 / 999999
[r] Alpha 89 (alpha=0): 8a2155 / ffffff
[r] Alpha 89 (alpha=1): 8a2155 / 898989
[r] Alpha 89 (alpha=2): 8a2155 / eeeeee
[r] Alpha 89 (alpha=3): 8a2155 / dddddd
[r] Alpha 89 (alpha=4): 8a2155 / cccccc
[r] Alpha 89 (alpha=5): 8a2155 / bbbbbb
[r] Alpha 89 (alpha=6): 8a2155 / aaaaaa
[r] Alpha 89 (alpha=7): 8a2155 / 999999
[r] Alpha 8a (alpha=0): 8a2155 / ffffff
[r] Alpha 8a (alpha=1): 8a2155 / 8a8a8a
[r] Alpha 8a (alpha=2): 8a2155 / eeeeee
[r] Alpha 8a (alpha=3): 8a2155 / dddddd
[r] Alpha 8a (alpha=4): 8a2155 / cccccc
[r] Alpha 8a (alpha=5): 8a2155 / bcbcbc
[r] Alpha 8a (alpha=6): 8a2155 / ababab
[r] Alpha 8a (alpha=7): 8a2155 / 9a9a9a
[r] Alpha 8b (alpha=0): 8a2155 / ffffff
[r] Alpha 8b (alpha=1): 8a2155 / 8b8b8b
[r] Alpha 8b (alpha=2): 8a2155 / eeeeee
[r] Alpha 8b (alpha=3): 8a2155 / dddddd
[r] Alpha 8b (alpha=4): 8a2155 / cdcdcd
[r] Alpha 8b (alpha=5): 8a2155 / bcbcbc
[r] Alpha 8b (alpha=6): 8a2155 / acacac
[r] Alpha 8b (alpha=7): 8a2155 / 9b9b9b
[r] Alpha 8c (alpha=0): 8a2155 / ffffff
[r] Alpha 8c (alpha=1): 8a2155 / 8c8c8c
[r] Alpha 8c (alpha=2): 8a2155 / eeeeee
[r] Alpha 8c (alpha=3): 8a2155 / dedede
[r] Alpha 8c (alpha=4): 8a2155 / cdcdcd
[r] Alpha 8c (alpha=5): 8a2155 / bdbdbd
[r] Alpha 8c (alpha=6): 8a2155 / acacac
[r] Alpha 8c (alpha=7): 8a2155 / 9c9c9c
[r] Alpha 8d (alpha=0): 8a2155 / ffffff
[r] Alpha 8d (alpha=1): 8a2155 / 8d8d8d
[r] Alpha 8d (alpha=2): 8a2155 / eeeeee
[r] Alpha 8d (alpha=3): 8a2155 / dedede
[r] Alpha 8d (alpha=4): 8a2155 / cecece
[r] Alpha 8d (alpha=5): 8a2155 / bdbdbd
[r] Alpha 8d (alpha=6): 8a2155 / adadad
[r] Alpha 8d (alpha=7): 8a2155 / 9d9d9d
[r] Alpha 8e (alpha=0): 8a2155 / ffffff
[r] Alpha 8e (alpha=1): 8a2155 / 8e8e8e
[r] Alpha 8e (alpha=2): 8a2155 / eeeeee
[r] Alpha 8e (alpha=3): 8a2155 / dedede
[r] Alpha 8e (alpha=4): 8a2155 / cecece
[r] Alpha 8e (alpha=5): 8a2155 / bebebe
[r] Alpha 8e (alpha=6): 8a2155 / aeaeae
[r] Alpha 8e (alpha=7): 8a2155 / 9e9e9e
[r] Alpha 8f (alpha=0): 8a2155 / ffffff
[r] Alpha 8f (alpha=1): 8a2155 / 8f8f8f
[r] Alpha 8f (alpha=2): 8a2155 / efefef
[r] Alpha 8f (alpha=3): 8a2155 / dfdfdf
[r] Alpha 8f (alpha=4): 8a2155 / cfcfcf
[r] Alpha 8f (alpha=5): 8a2155 / bfbfbf
[r] Alpha 8f (alpha=6): 8a2155 / afafaf
[r] Alpha 8f (alpha=7): 8a2155 / 9f9f9f
[r] Alpha 90 (alpha=0): 8a2155 / ffffff
[r] Alpha 90 (alpha=1): 8a2155 / 909090
[r] Alpha 90 (alpha=2): 8a2155 / efefef
[r] Alpha 90 (alpha=3): 8a2155 / dfdfdf
[r] Alpha 90 (alpha=4): 8a2155 / cfcfcf
[r] Alpha 90 (alpha=5): 8a2155 / bfbfbf
[r] Alpha 90 (alpha=6): 8a2155 / afafaf
[r] Alpha 90 (alpha=7): 8a2155 / 9f9f9f
[r] Alpha 91 (alpha=0): 8a2155 / ffffff
[r] Alpha 91 (alpha=1): 8a2155 / 919191
[r] Alpha 91 (alpha=2): 8a2155 / efefef
[r] Alpha 91 (alpha=3): 8a2155 / dfdfdf
[r] Alpha 91 (alpha=4): 8a2155 / cfcfcf
[r] Alpha 91 (alpha=5): 8a2155 / c0c0c0
[r] Alpha 91 (alpha=6): 8a2155 / b0b0b0
[r] Alpha 91 (alpha=7): 8a2155 / a0a0a0
[r] Alpha 92 (alpha=0): 8a2155 / ffffff
[r] Alpha 92 (alpha=1): 8a2155 / 929292
[r] Alpha 92 (alpha=2): 8a2155 / efefef
[r] Alpha 92 (alpha=3): 8a2155 / dfdfdf
[r] Alpha 92 (alpha=4): 8a2155 / d0d0d0
[r] Alpha 92 (alpha=5): 8a2155 / c0c0c0
[r] Alpha 92 (alpha=6): 8a2155 / b1b1b1
[r] Alpha 92 (alpha=7): 8a2155 / a1a1a1
[r] Alpha 93 (alpha=0): 8a2155 / ffffff
[r] Alpha 93 (alpha=1): 8a2155 / 939393
[r] Alpha 93 (alpha=2): 8a2155 / efefef
[r] Alpha 93 (alpha=3): 8a2155 / e0e0e0
[r] Alpha 93 (alpha=4): 8a2155 / d0d0d0
[r] Alpha 93 (alpha=5): 8a2155 / c1c1c1
[r] Alpha 93 (alpha=6): 8a2155 / b1b1b1
[r] Alpha 93 (alpha=7): 8a2155 / a2a2a2
[r] Alpha 94 (alpha=0): 8a2155 / ffffff
[r] Alpha 94 (alpha=1): 8a2155 / 949494
[r] Alpha 94 (alpha=2): 8a2155 / efefef
[r] Alpha 94 (alpha=3): 8a2155 / e0e0e0
[r] Alpha 94 (alpha=4): 8a2155 / d1d1d1
[r] Alpha 94 (alpha=5): 8a2155 / c1c1c1
[r] Alpha 94 (alpha=6): 8a2155 / b2b2b2
[r] Alpha 94 (alpha=7): 8a2155 / a3a3a3
[r] Alpha 95 (alpha=0): 8a2155 / ffffff
[r] Alpha 95 (alpha=1): 8a2155 / 959595
[r] Alpha 95 (alpha=2): 8a2155 / efefef
[r] Alpha 95 (alpha=3): 8a2155 / e0e0e0
[r] Alpha 95 (alpha=4): 8a2155 / d1d1d1
[r] Alpha 95 (alpha=5): 8a2155 / c2c2c2
[r] Alpha 95 (alpha=6): 8a2155 / b3b3b3
[r] Alpha 95 (alpha=7): 8a2155 / a4a4a4
[r] Alpha 96 (alpha=0): 8a2155 / ffffff
[r] Alpha 96 (alpha=1): 8a2155 / 969696
[r] Alpha 96 (alpha=2): 8a2155 / f0f0f0
[r] Alpha 96 (alpha=3): 8a2155 / e1e1e1
[r] Alpha 96 (alpha=4): 8a2155 / d2d2d2
[r] Alpha 96 (alpha=5): 8a2155 / c3c3c3
[r] Alpha 96 (alpha=6): 8a2155 / b4b4b4
[r] Alpha 96 (alpha=7): 8a2155 / a5a5a5
[r] Alpha 97 (alpha=0): 8a2155 / ffffff
[r] Alpha 97 (alpha=1): 8a2155 / 979797
[r] Alpha 97 (alpha=2): 8a2155 / f0f0f0
[r] Alpha 97 (alpha=3): 8a2155 / e1e1e1
[r] Alpha 97 (alpha=4): 8a2155 / d2d2d2
[r] Alpha 97 (alpha=5): 8a2155 / c3c3c3
[r] Alpha 97 (alpha=6): 8a2155 / b4b4b4
[r] Alpha 97 (alpha=7): 8a2155 / a5a5a5
[r] Alpha 98 (alpha=0): 8a2155 / ffffff
[r] Alpha 98 (alpha=1): 8a2155 / 989898
[r] Alpha 98 (alpha=2): 8a2155 / f0f0f0
[r] Alpha 98 (alpha=3): 8a2155 / e1e1e1
[r] Alpha 98 (alpha=4): 8a2155 / d2d2d2
[r] Alpha 98 (alpha=5): 8a2155 / c4c4c4
[r] Alpha 98 (alpha=6): 8a2155 / b5b5b5
[r] Alpha 98 (alpha=7): 8a2155 / a6a6a6
[r] Alpha 99 (alpha=0): 8a2155 / ffffff
[r] Alpha 99 (alpha=1): 8a2155 / 999999
[r] Alpha 99 (alpha=2): 8a2155 / f0f0f0
[r] Alpha 99 (alpha=3): 8a2155 / e1e1e1
[r] Alpha 99 (alpha=4): 8a2155 / d3d3d3
[r] Alpha 99 (alpha=5): 8a2155 / c4c4c4
[r] Alpha 99 (alpha=6): 8a2155 / b6b6b6
[r] Alpha 99 (alpha=7): 8a2155 / a7a7a7
[r] Alpha 9a (alpha=0): 8a2155 / ffffff
[r] Alpha 9a (alpha=1): 8a2155 / 9a9a9a
[r] Alpha 9a (alpha=2): 8a2155 / f0f0f0
[r] Alpha 9a (alpha=3): 8a2155 / e2e2e2
[r] Alpha 9a (alpha=4): 8a2155 / d3d3d3
[r] Alpha 9a (alpha=5): 8a2155 / c5c5c5
[r] Alpha 9a (alpha=6): 8a2155 / b6b6b6
[r] Alpha 9a (alpha=7): 8a2155 / a8a8a8
[r] Alpha 9b (alpha=0): 8a2155 / ffffff
[r] Alpha 9b (alpha=1): 8a2155 / 9b9b9b
[r] Alpha 9b (alpha=2): 8a2155 / f0f0f0
[r] Alpha 9b (alpha=3): 8a2155 / e2e2e2
[r] Alpha 9b (alpha=4): 8a2155 / d4d4d4
[r] Alpha 9b (alpha=5): 8a2155 / c5c5c5
[r] Alpha 9b (alpha=6): 8a2155 / b7b7b7
[r] Alpha 9b (alpha=7): 8a2155 / a9a9a9
[r] Alpha 9c (alpha=0): 8a2155 / ffffff
[r] Alpha 9c (alpha=1): 8a2155 / 9c9c9c
[r] Alpha 9c (alpha=2): 8a2155 / f0f0f0
[r] Alpha 9c (alpha=3): 8a2155 / e2e2e2
[r] Alpha 9c (alpha=4): 8a2155 / d4d4d4
[r] Alpha 9c (alpha=5): 8a2155 / c6c6c6
[r] Alpha 9c (alpha=6): 8a2155 / b8b8b8
[r] Alpha 9c (alpha=7): 8a2155 / aaaaaa
[r] Alpha 9d (alpha=0): 8a2155 / ffffff
[r] Alpha 9d (alpha=1): 8a2155 / 9d9d9d
[r] Alpha 9d (alpha=2): 8a2155 / f1f1f1
[r] Alpha 9d (alpha=3): 8a2155 / e3e3e3
[r] Alpha 9d (alpha=4): 8a2155 / d5d5d5
[r] Alpha 9d (alpha=5): 8a2155 / c7c7c7
[r] Alpha 9d (alpha=6): 8a2155 / b9b9b9
[r] Alpha 9d (alpha=7): 8a2155 / ababab
[r] Alpha 9e (alpha=0): 8a2155 / ffffff
[r] Alpha 9e (alpha=1): 8a2155 / 9e9e9e
[r] Alpha 9e (alpha=2): 8a2155 / f1f1f1
[r] Alpha 9e (alpha=3): 8a2155 / e3e3e3
[r] Alpha 9e (alpha=4): 8a2155 / d5d5d5
[r] Alpha 9e (alpha=5): 8a2155 / c7c7c7
[r] Alpha 9e (alpha=6): 8a2155 / b9b9b9
[r] Alpha 9e (alpha=7): 8a2155 / ababab
[r] Alpha 9f (alpha=0): 8a2155 / ffffff
[r] Alpha 9f (alpha=1): 8a2155 / 9f9f9f
[r] Alpha 9f (alpha=2): 8a2155 / f1f1f1
[r] Alpha 9f (alpha=3): 8a2155 / e3e3e3
[r] Alpha 9f (alpha=4): 8a2155 / d5d5d5
[r] Alpha 9f (alpha=5): 8a2155 / c8c8c8
[r] Alpha 9f (alpha=6): 8a2155 / bababa
[r] Alpha 9f (alpha=7): 8a2155 / acacac
[r] Alpha a0 (alpha=0): 8a2155 / ffffff
[r] Alpha a0 (alpha=1): 8a2155 / a0a0a0
[r] Alpha a0 (alpha=2): 8a2155 / f1f1f1
[r] Alpha a0 (alpha=3): 8a2155 / e3e3e3
[r] Alpha a0 (alpha=4): 8a2155 / d6d6d6
[r] Alpha a0 (alpha=5): 8a2155 / c8c8c8
[r] Alpha a0 (alpha=6): 8a2155 / bbbbbb
[r] Alpha a0 (alpha=7): 8a2155 / adadad
[r] Alpha a1 (alpha=0): 8a2155 / ffffff
[r] Alpha a1 (alpha=1): 8a2155 / a1a1a1
[r] Alpha a1 (alpha=2): 8a2155 / f1f1f1
[r] Alpha a1 (alpha=3): 8a2155 / e4e4e4
[r] Alpha a1 (alpha=4): 8a2155 / d6d6d6
[r] Alpha a1 (alpha=5): 8a2155 / c9c9c9
[r] Alpha a1 (alpha=6): 8a2155 / bbbbbb
[r] Alpha a1 (alpha=7): 8a2155 / aeaeae
[r] Alpha a2 (alpha=0): 8a2155 / ffffff
[r] Alpha a2 (alpha=1): 8a2155 / a2a2a2
[r] Alpha a2 (alpha=2): 8a2155 / f1f1f1
[r] Alpha a2 (alpha=3): 8a2155 / e4e4e4
[r] Alpha a2 (alpha=4): 8a2155 / d7d7d7
[r] Alpha a2 (alpha=5): 8a2155 / c9c9c9
[r] Alpha a2 (alpha=6): 8a2155 / bcbcbc
[r] Alpha a2 (alpha=7): 8a2155 / afafaf
[r] Alpha a3 (alpha=0): 8a2155 / ffffff
[r] Alpha a3 (alpha=1): 8a2155 / a3a3a3
[r] Alpha a3 (alpha=2): 8a2155 / f1f1f1
[r] Alpha a3 (alpha=3): 8a2155 / e4e4e4
[r] Alpha a3 (alpha=4): 8a2155 / d7d7d7
[r] Alpha a3 (alpha=5): 8a2155 / cacaca
[r] Alpha a3 (alpha=6): 8a2155 / bdbdbd
[r] Alpha a3 (alpha=7): 8a2155 / b0b0b0
[r] Alpha a4 (alpha=0): 8a2155 / ffffff
[r] Alpha a4 (alpha=1): 8a2155 / a4a4a4
[r] Alpha a4 (alpha=2): 8a2155 / f2f2f2
[r] Alpha a4 (alpha=3): 8a2155 / e5e5e5
[r] Alpha a4 (alpha=4): 8a2155 / d8d8d8
[r] Alpha a4 (alpha=5): 8a2155 / cbcbcb
[r] Alpha a4 (alpha=6): 8a2155 / bebebe
[r] Alpha a4 (alpha=7): 8a2155 / b1b1b1
[r] Alpha a5 (alpha=0): 8a2155 / ffffff
[r] Alpha a5 (alpha=1): 8a2155 / a5a5a5
[r] Alpha a5 (alpha=2): 8a2155 / f2f2f2
[r] Alpha a5 (alpha=3): 8a2155 / e5e5e5
[r] Alpha a5 (alpha=4): 8a2155 / d8d8d8
[r] Alpha a5 (alpha=5): 8a2155 / cbcbcb
[r] Alpha a5 (alpha=6): 8a2155 / bebebe
[r] Alpha a5 (alpha=7): 8a2155 / b1b1b1
[r] Alpha a6 (alpha=0): 8a2155 / ffffff
[r] Alpha a6 (alpha=1): 8a2155 / a6a6a6
[r] Alpha a6 (alpha=2): 8a2155 / f2f2f2
[r] Alpha a6 (alpha=3): 8a2155 / e5e5e5
[r] Alpha a6 (alpha=4): 8a2155 / d8d8d8
[r] Alpha a6 (alpha=5): 8a2155 / cccccc
[r] Alpha a6 (alpha=6): 8a2155 / bfbfbf
[r] Alpha a6 (alpha=7): 8a2155 / b2b2b2
[r] Alpha a7 (alpha=0): 8a2155 / ffffff
[r] Alpha a7 (alpha=1): 8a2155 / a7a7a7
[r] Alpha a7 (alpha=2): 8a2155 / f2f2f2
[r] Alpha a7 (alpha=3): 8a2155 / e5e5e5
[r] Alpha a7 (alpha=4): 8a2155 / d9d9d9
[r] Alpha a7 (alpha=5): 8a2155 / cccccc
[r] Alpha a7 (alpha=6): 8a2155 / c0c0c0
[r] Alpha a7 (alpha=7): 8a2155 / b3b3b3
[r] Alpha a8 (alpha=0): 8a2155 / ffffff
[r] Alpha a8 (alpha=1): 8a2155 / a8a8a8
[r] Alpha a8 (alpha=2): 8a2155 / f2f2f2
[r] Alpha a8 (alpha=3): 8a2155 / e6e6e6
[r] Alpha a8 (alpha=4): 8a2155 / d9d9d9
[r] Alpha a8 (alpha=5): 8a2155 / cdcdcd
[r] Alpha a8 (alpha=6): 8a2155 / c0c0c0
[r] Alpha a8 (alpha=7): 8a2155 / b4b4b4
[r] Alpha a9 (alpha=0): 8a2155 / ffffff
[r] Alpha a9 (alpha=1): 8a2155 / a9a9a9
[r] Alpha a9 (alpha=2): 8a2155 / f2f2f2
[r] Alpha a9 (alpha=3): 8a2155 / e6e6e6
[r] Alpha a9 (alpha=4): 8a2155 / dadada
[r] Alpha a9 (alpha=5): 8a2155 / cdcdcd
[r] Alpha a9 (alpha=6): 8a2155 / c1c1c1
[r] Alpha a9 (alpha=7): 8a2155 / b5b5b5
[r] Alpha aa (alpha=0): 8a2155 / ffffff
[r] Alpha aa (alpha=1): 8a2155 / aaaaaa
[r] Alpha aa (alpha=2): 8a2155 / f2f2f2
[r] Alpha aa (alpha=3): 8a2155 / e6e6e6
[r] Alpha aa (alpha=4): 8a2155 / dadada
[r] Alpha aa (alpha=5): 8a2155 / cecece
[r] Alpha aa (alpha=6): 8a2155 / c2c2c2
[r] Alpha aa (alpha=7): 8a2155 / b6b6b6
[r] Alpha ab (alpha=0): 8a2155 / ffffff
[r] Alpha ab (alpha=1): 8a2155 / ababab
[r] Alpha ab (alpha=2): 8a2155 / f3f3f3
[r] Alpha ab (alpha=3): 8a2155 / e7e7e7
[r] Alpha ab (alpha=4): 8a2155 / dbdbdb
[r] Alpha ab (alpha=5): 8a2155 / cfcfcf
[r] Alpha ab (alpha=6): 8a2155 / c3c3c3
[r] Alpha ab (alpha=7): 8a2155 / b7b7b7
[r] Alpha ac (alpha=0): 8a2155 / ffffff
[r] Alpha ac (alpha=1): 8a2155 / acacac
[r] Alpha ac (alpha=2): 8a2155 / f3f3f3
[r] Alpha ac (alpha=3): 8a2155 / e7e7e7
[r] Alpha ac (alpha=4): 8a2155 / dbdbdb
[r] Alpha ac (alpha=5): 8a2155 / cfcfcf
[r] Alpha ac (alpha=6): 8a2155 / c3c3c3
[r] Alpha ac (alpha=7): 8a2155 / b7b7b7
[r] Alpha ad (alpha=0): 8a2155 / ffffff
[r] Alpha ad (alpha=1): 8a2155 / adadad
[r] Alpha ad (alpha=2): 8a2155 / f3f3f3
[r] Alpha ad (alpha=3): 8a2155 / e7e7e7
[r] Alpha ad (alpha=4): 8a2155 / dbdbdb
[r] Alpha ad (alpha=5): 8a2155 / d0d0d0
[r] Alpha ad (alpha=6): 8a2155 / c4c4c4
[r] Alpha ad (alpha=7): 8a2155 / b8b8b8
[r] Alpha ae (alpha=0): 8a2155 / ffffff
[r] Alpha ae (alpha=1): 8a2155 / aeaeae
[r] Alpha ae (alpha=2): 8a2155 / f3f3f3
[r] Alpha ae (alpha=3): 8a2155 / e7e7e7
[r] Alpha ae (alpha=4): 8a2155 / dcdcdc
[r] Alpha ae (alpha=5): 8a2155 / d0d0d0
[r] Alpha ae (alpha=6): 8a2155 / c5c5c5
[r] Alpha ae (alpha=7): 8a2155 / b9b9b9
[r] Alpha af (alpha=0): 8a2155 / ffffff
[r] Alpha af (alpha=1): 8a2155 / afafaf
[r] Alpha af (alpha=2): 8a2155 / f3f3f3
[r] Alpha af (alpha=3): 8a2155 / e8e8e8
[r] Alpha af (alpha=4): 8a2155 / dcdcdc
[r] Alpha af (alpha=5): 8a2155 / d1d1d1
[r] Alpha af (alpha=6): 8a2155 / c5c5c5
[r] Alpha af (alpha=7): 8a2155 / bababa
[r] Alpha b0 (alpha=0): 8a2155 / ffffff
[r] Alpha b0 (alpha=1): 8a2155 / b0b0b0
[r] Alpha b0 (alpha=2): 8a2155 / f3f3f3
[r] Alpha b0 (alpha=3): 8a2155 / e8e8e8
[r] Alpha b0 (alpha=4): 8a2155 / dddddd
[r] Alpha b0 (alpha=5): 8a2155 / d1d1d1
[r] Alpha b0 (alpha=6): 8a2155 / c6c6c6
[r] Alpha b0 (alpha=7): 8a2155 / bbbbbb
[r] Alpha b1 (alpha=0): 8a2155 / ffffff
[r] Alpha b1 (alpha=1): 8a2155 / b1b1b1
[r] Alpha b1 (alpha=2): 8a2155 / f3f3f3
[r] Alpha b1 (alpha=3): 8a2155 / e8e8e8
[r] Alpha b1 (alpha=4): 8a2155 / dddddd
[r] Alpha b1 (alpha=5): 8a2155 / d2d2d2
[r] Alpha b1 (alpha=6): 8a2155 / c7c7c7
[r] Alpha b1 (alpha=7): 8a2155 / bcbcbc
[r] Alpha b2 (alpha=0): 8a2155 / ffffff
[r] Alpha b2 (alpha=1): 8a2155 / b2b2b2
[r] Alpha b2 (alpha=2): 8a2155 / f4f4f4
[r] Alpha b2 (alpha=3): 8a2155 / e9e9e9
[r] Alpha b2 (alpha=4): 8a2155 / dedede
[r] Alpha b2 (alpha=5): 8a2155 / d3d3d3
[r] Alpha b2 (alpha=6): 8a2155 / c8c8c8
[r] Alpha b2 (alpha=7): 8a2155 / bdbdbd
[r] Alpha b3 (alpha=0): 8a2155 / ffffff
[r] Alpha b3 (alpha=1): 8a2155 / b3b3b3
[r] Alpha b3 (alpha=2): 8a2155 / f4f4f4
[r] Alpha b3 (alpha=3): 8a2155 / e9e9e9
[r] Alpha b3 (alpha=4): 8a2155 / dedede
[r] Alpha b3 (alpha=5): 8a2155 / d3d3d3
[r] Alpha b3 (alpha=6): 8a2155 / c8c8c8
[r] Alpha b3 (alpha=7): 8a2155 / bdbdbd
[r] Alpha b4 (alpha=0): 8a2155 / ffffff
[r] Alpha b4 (alpha=1): 8a2155 / b4b4b4
[r] Alpha b4 (alpha=2): 8a2155 / f4f4f4
[r] Alpha b4 (alpha=3): 8a2155 / e9e9e9
[r] Alpha b4 (alpha=4): 8a2155 / dedede
[r] Alpha b4 (alpha=5): 8a2155 / d4d4d4
[r] Alpha b4 (alpha=6): 8a2155 / c9c9c9
[r] Alpha b4 (alpha=7): 8a2155 / bebebe
[r] Alpha b5 (alpha=0): 8a2155 / ffffff
[r] Alpha b5 (alpha=1): 8a2155 / b5b5b5
[r] Alpha b5 (alpha=2): 8a2155 / f4f4f4
[r] Alpha b5 (alpha=3): 8a2155 / e9e9e9
[r] Alpha b5 (alpha=4): 8a2155 / dfdfdf
[r] Alpha b5 (alpha=5): 8a2155 / d4d4d4
[r] Alpha b5 (alpha=6): 8a2155 / cacaca
[r] Alpha b5 (alpha=7): 8a2155 / bfbfbf
[r] Alpha b6 (alpha=0): 8a2155 / ffffff
[r] Alpha b6 (alpha=1): 8a2155 / b6b6b6
[r] Alpha b6 (alpha=2): 8a2155 / f4f4f4
[r] Alpha b6 (alpha=3): 8a2155 / eaeaea
[r] Alpha b6 (alpha=4): 8a2155 / dfdfdf
[r] Alpha b6 (alpha=5): 8a2155 / d5d5d5
[r] Alpha b6 (alpha=6): 8a2155 / cacaca
[r] Alpha b6 (alpha=7): 8a2155 / c0c0c0
[r] Alpha b7 (alpha=0): 8a2155 / ffffff
[r] Alpha b7 (alpha=1): 8a2155 / b7b7b7
[r] Alpha b7 (alpha=2): 8a2155 / f4f4f4
[r] Alpha b7 (alpha=3): 8a2155 / eaeaea
[r] Alpha b7 (alpha=4): 8a2155 / e0e0e0
[r] Alpha b7 (alpha=5): 8a2155 / d5d5d5
[r] Alpha b7 (alpha=6): 8a2155 / cbcbcb
[r] Alpha b7 (alpha=7): 8a2155 / c1c1c1
[r] Alpha b8 (alpha=0): 8a2155 / ffffff
[r] Alpha b8 (alpha=1): 8a2155 / b8b8b8
[r] Alpha b8 (alpha=2): 8a2155 / f4f4f4
[r] Alpha b8 (alpha=3): 8a2155 / eaeaea
[r] Alpha b8 (alpha=4): 8a2155 / e0e0e0
[r] Alpha b8 (alpha=5): 8a2155 / d6d6d6
[r] Alpha b8 (alpha=6): 8a2155 / cccccc
[r] Alpha b8 (alpha=7): 8a2155 / c2c2c2
[r] Alpha b9 (alpha=0): 8a2155 / ffffff
[r] Alpha b9 (alpha=1): 8a2155 / b9b9b9
[r] Alpha b9 (alpha=2): 8a2155 / f5f5f5
[r] Alpha b9 (alpha=3): 8a2155 / ebebeb
[r] Alpha b9 (alpha=4): 8a2155 / e1e1e1
[r] Alpha b9 (alpha=5): 8a2155 / d7d7d7
[r] Alpha b9 (alpha=6): 8a2155 / cdcdcd
[r] Alpha b9 (alpha=7): 8a2155 / c3c3c3
[r] Alpha ba (alpha=0): 8a2155 / ffffff
[r] Alpha ba (alpha=1): 8a2155 / bababa
[r] Alpha ba (alpha=2): 8a2155 / f5f5f5
[r] Alpha ba (alpha=3): 8a2155 / ebebeb
[r] Alpha ba (alpha=4): 8a2155 / e1e1e1
[r] Alpha ba (alpha=5): 8a2155 / d7d7d7
[r] Alpha ba (alpha=6): 8a2155 / cdcdcd
[r] Alpha ba (alpha=7): 8a2155 / c3c3c3
[r] Alpha bb (alpha=0): 8a2155 / ffffff
[r] Alpha bb (alpha=1): 8a2155 / bbbbbb
[r] Alpha bb (alpha=2): 8a2155 / f5f5f5
[r] Alpha bb (alpha=3): 8a2155 / ebebeb
[r] Alpha bb (alpha=4): 8a2155 / e1e1e1
[r] Alpha bb (alpha=5): 8a2155 / d8d8d8
[r] Alpha bb (alpha=6): 8a2155 / cecece
[r] Alpha bb (alpha=7): 8a2155 / c4c4c4
[r] Alpha bc (alpha=0): 8a2155 / ffffff
[r] Alpha bc (alpha=1): 8a2155 / bcbcbc
[r] Alpha bc (alpha=2): 8a2155 / f5f5f5
[r] Alpha bc (alpha=3): 8a2155 / ebebeb
[r] Alpha bc (alpha=4): 8a2155 / e2e2e2
[r] Alpha bc (alpha=5): 8a2155 / d8d8d8
[r] Alpha bc (alpha=6): 8a2155 / cfcfcf
[r] Alpha bc (alpha=7): 8a2155 / c5c5c5
[r] Alpha bd (alpha=0): 8a2155 / ffffff
[r] Alpha bd (alpha=1): 8a2155 / bdbdbd
[r] Alpha bd (alpha=2): 8a2155 / f5f5f5
[r] Alpha bd (alpha=3): 8a2155 / ececec
[r] Alpha bd (alpha=4): 8a2155 / e2e2e2
[r] Alpha bd (alpha=5): 8a2155 / d9d9d9
[r] Alpha bd (alpha=6): 8a2155 / cfcfcf
[r] Alpha bd (alpha=7): 8a2155 / c6c6c6
[r] Alpha be (alpha=0): 8a2155 / ffffff
[r] Alpha be (alpha=1): 8a2155 / bebebe
[r] Alpha be (alpha=2): 8a2155 / f5f5f5
[r] Alpha be (alpha=3): 8a2155 / ececec
[r] Alpha be (alpha=4): 8a2155 / e3e3e3
[r] Alpha be (alpha=5): 8a2155 / d9d9d9
[r] Alpha be (alpha=6): 8a2155 / d0d0d0
[r] Alpha be (alpha=7): 8a2155 / c7c7c7
[r] Alpha bf (alpha=0): 8a2155 / ffffff
[r] Alpha bf (alpha=1): 8a2155 / bfbfbf
[r] Alpha bf (alpha=2): 8a2155 / f5f5f5
[r] Alpha bf (alpha=3): 8a2155 / ececec
[r] Alpha bf (alpha=4): 8a2155 / e3e3e3
[r] Alpha bf (alpha=5): 8a2155 / dadada
[r] Alpha bf (alpha=6): 8a2155 / d1d1d1
[r] Alpha bf (alpha=7): 8a2155 / c8c8c8
[r] Alpha c0 (alpha=0): 8a2155 / ffffff
[r] Alpha c0 (alpha=1): 8a2155 / c0c0c0
[r] Alpha c0 (alpha=2): 8a2155 / f6f6f6
[r] Alpha c0 (alpha=3): 8a2155 / ededed
[r] Alpha c0 (alpha=4): 8a2155 / e4e4e4
[r] Alpha c0 (alpha=5): 8a2155 / dbdbdb
[r] Alpha c0 (alpha=6): 8a2155 / d2d2d2
[r] Alpha c0 (alpha=7): 8a2155 / c9c9c9
[r] Alpha c1 (alpha=0): 8a2155 / ffffff
[r] Alpha c1 (alpha=1): 8a2155 / c1c1c1
[r] Alpha c1 (alpha=2): 8a2155 / f6f6f6
[r] Alpha c1 (alpha=3): 8a2155 / ededed
[r] Alpha c1 (alpha=4): 8a2155 / e4e4e4
[r] Alpha c1 (alpha=5): 8a2155 / dbdbdb
[r] Alpha c1 (alpha=6): 8a2155 / d2d2d2
[r] Alpha c1 (alpha=7): 8a2155 / c9c9c9
[r] Alpha c2 (alpha=0): 8a2155 / ffffff
[r] Alpha c2 (alpha=1): 8a2155 / c2c2c2
[r] Alpha c2 (alpha=2): 8a2155 / f6f6f6
[r] Alpha c2 (alpha=3): 8a2155 / ededed
[r] Alpha c2 (alpha=4): 8a2155 / e4e4e4
[r] Alpha c2 (alpha=5): 8a2155 / dcdcdc
[r] Alpha c2 (alpha=6): 8a2155 / d3d3d3
[r] Alpha c2 (alpha=7): 8a2155 / cacaca
[r] Alpha c3 (alpha=0): 8a2155 / ffffff
[r] Alpha c3 (alpha=1): 8a2155 / c3c3c3
[r] Alpha c3 (alpha=2): 8a2155 / f6f6f6
[r] Alpha c3 (alpha=3): 8a2155 / ededed
[r] Alpha c3 (alpha=4): 8a2155 / e5e5e5
[r] Alpha c3 (alpha=5): 8a2155 / dcdcdc
[r] Alpha c3 (alpha=6): 8a2155 / d4d4d4
[r] Alpha c3 (alpha=7): 8a2155 / cbcbcb
[r] Alpha c4 (alpha=0): 8a2155 / ffffff
[r] Alpha c4 (alpha=1): 8a2155 / c4c4c4
[r] Alpha c4 (alpha=2): 8a2155 / f6f6f6
[r] Alpha c4 (alpha=3): 8a2155 / eeeeee
[r] Alpha c4 (alpha=4): 8a2155 / e5e5e5
[r] Alpha c4 (alpha=5): 8a2155 / dddddd
[r] Alpha c4 (alpha=6): 8a2155 / d4d4d4
[r] Alpha c4 (alpha=7): 8a2155 / cccccc
[r] Alpha c5 (alpha=0): 8a2155 / ffffff
[r] Alpha c5 (alpha=1): 8a2155 / c5c5c5
[r] Alpha c5 (alpha=2): 8a2155 / f6f6f6
[r] Alpha c5 (alpha=3): 8a2155 / eeeeee
[r] Alpha c5 (alpha=4): 8a2155 / e6e6e6
[r] Alpha c5 (alpha=5): 8a2155 / dddddd
[r] Alpha c5 (alpha=6): 8a2155 / d5d5d5
[r] Alpha c5 (alpha=7): 8a2155 / cdcdcd
[r] Alpha c6 (alpha=0): 8a2155 / ffffff
[r] Alpha c6 (alpha=1): 8a2155 / c6c6c6
[r] Alpha c6 (alpha=2): 8a2155 / f6f6f6
[r] Alpha c6 (alpha=3): 8a2155 / eeeeee
[r] Alpha c6 (alpha=4): 8a2155 / e6e6e6
[r] Alpha c6 (alpha=5): 8a2155 / dedede
[r] Alpha c6 (alpha=6): 8a2155 / d6d6d6
[r] Alpha c6 (alpha=7): 8a2155 / cecece
[r] Alpha c7 (alpha=0): 8a2155 / ffffff
[r] Alpha c7 (alpha=1): 8a2155 / c7c7c7
[r] Alpha c7 (alpha=2): 8a2155 / f7f7f7
[r] Alpha c7 (alpha=3): 8a2155 / efefef
[r] Alpha c7 (alpha=4): 8a2155 / e7e7e7
[r] Alpha c7 (alpha=5): 8a2155 / dfdfdf
[r] Alpha c7 (alpha=6): 8a2155 / d7d7d7
[r] Alpha c7 (alpha=7): 8a2155 / cfcfcf
[r] Alpha c8 (alpha=0): 8a2155 / ffffff
[r] Alpha c8 (alpha=1): 8a2155 / c8c8c8
[r] Alpha c8 (alpha=2): 8a2155 / f7f7f7
[r] Alpha c8 (alpha=3): 8a2155 / efefef
[r] Alpha c8 (alpha=4): 8a2155 / e7e7e7
[r] Alpha c8 (alpha=5): 8a2155 / dfdfdf
[r] Alpha c8 (alpha=6): 8a2155 / d7d7d7
[r] Alpha c8 (alpha=7): 8a2155 / cfcfcf
[r] Alpha c9 (alpha=0): 8a2155 / ffffff
[r] Alpha c9 (alpha=1): 8a2155 / c9c9c9
[r] Alpha c9 (alpha=2): 8a2155 / f7f7f7
[r] Alpha c9 (alpha=3): 8a2155 / efefef
[r] Alpha c9 (alpha=4): 8a2155 / e7e7e7
[r] Alpha c9 (alpha=5): 8a2155 / e0e0e0
[r] Alpha c9 (alpha=6): 8a2155 / d8d8d8
[r] Alpha c9 (alpha=7): 8a2155 / d0d0d0
[r] Alpha ca (alpha=0): 8a2155 / ffffff
[r] Alpha ca (alpha=1): 8a2155 / cacaca
[r] Alpha ca (alpha=2): 8a2155 / f7f7f7
[r] Alpha ca (alpha=3): 8a2155 / efefef
[r] Alpha ca (alpha=4): 8a2155 / e8e8e8
[r] Alpha ca (alpha=5): 8a2155 / e0e0e0
[r] Alpha ca (alpha=6): 8a2155 / d9d9d9
[r] Alpha ca (alpha=7): 8a2155 / d1d1d1
[r] Alpha cb (alpha=0): 8a2155 / ffffff
[r] Alpha cb (alpha=1): 8a2155 / cbcbcb
[r] Alpha cb (alpha=2): 8a2155 / f7f7f7
[r] Alpha cb (alpha=3): 8a2155 / f0f0f0
[r] Alpha cb (alpha=4): 8a2155 / e8e8e8
[r] Alpha cb (alpha=5): 8a2155 / e1e1e1
[r] Alpha cb (alpha=6): 8a2155 / d9d9d9
[r] Alpha cb (alpha=7): 8a2155 / d2d2d2
[r] Alpha cc (alpha=0): 8a2155 / ffffff
[r] Alpha cc (alpha=1): 8a2155 / cccccc
[r] Alpha cc (alpha=2): 8a2155 / f7f7f7
[r] Alpha cc (alpha=3): 8a2155 / f0f0f0
[r] Alpha cc (alpha=4): 8a2155 / e9e9e9
[r] Alpha cc (alpha=5): 8a2155 / e1e1e1
[r] Alpha cc (alpha=6): 8a2155 / dadada
[r] Alpha cc (alpha=7): 8a2155 / d3d3d3
[r] Alpha cd (alpha=0): 8a2155 / ffffff
[r] Alpha cd (alpha=1): 8a2155 / cdcdcd
[r] Alpha cd (alpha=2): 8a2155 / f7f7f7
[r] Alpha cd (alpha=3): 8a2155 / f0f0f0
[r] Alpha cd (alpha=4): 8a2155 / e9e9e9
[r] Alpha cd (alpha=5): 8a2155 / e2e2e2
[r] Alpha cd (alpha=6): 8a2155 / dbdbdb
[r] Alpha cd (alpha=7): 8a2155 / d4d4d4
[r] Alpha ce (alpha=0): 8a2155 / ffffff
[r] Alpha ce (alpha=1): 8a2155 / cecece
[r] Alpha ce (alpha=2): 8a2155 / f8f8f8
[r] Alpha ce (alpha=3): 8a2155 / f1f1f1
[r] Alpha ce (alpha=4): 8a2155 / eaeaea
[r] Alpha ce (alpha=5): 8a2155 / e3e3e3
[r] Alpha ce (alpha=6): 8a2155 / dcdcdc
[r] Alpha ce (alpha=7): 8a2155 / d5d5d5
[r] Alpha cf (alpha=0): 8a2155 / ffffff
[r] Alpha cf (alpha=1): 8a2155 / cfcfcf
[r] Alpha cf (alpha=2): 8a2155 / f8f8f8
[r] Alpha cf (alpha=3): 8a2155 / f1f1f1
[r] Alpha cf (alpha=4): 8a2155 / eaeaea
[r] Alpha cf (alpha=5): 8a2155 / e3e3e3
[r] Alpha cf (alpha=6): 8a2155 / dcdcdc
[r] Alpha cf (alpha=7): 8a2155 / d5d5d5
[r] Alpha d0 (alpha=0): 8a2155 / ffffff
[r] Alpha d0 (alpha=1): 8a2155 / d0d0d0
[r] Alpha d0 (alpha=2): 8a2155 / f8f8f8
[r] Alpha d0 (alpha=3): 8a2155 / f1f1f1
[r] Alpha d0 (alpha=4): 8a2155 / eaeaea
[r] Alpha d0 (alpha=5): 8a2155 / e4e4e4
[r] Alpha d0 (alpha=6): 8a2155 / dddddd
[r] Alpha d0 (alpha=7): 8a2155 / d6d6d6
[r] Alpha d1 (alpha=0): 8a2155 / ffffff
[r] Alpha d1 (alpha=1): 8a2155 / d1d1d1
[r] Alpha d1 (alpha=2): 8a2155 / f8f8f8
[r] Alpha d1 (alpha=3): 8a2155 / f1f1f1
[r] Alpha d1 (alpha=4): 8a2155 / ebebeb
[r] Alpha d1 (alpha=5): 8a2155 / e4e4e4
[r] Alpha d1 (alpha=6): 8a2155 / dedede
[r] Alpha d1 (alpha=7): 8a2155 / d7d7d7
[r] Alpha d2 (alpha=0): 8a2155 / ffffff
[r] Alpha d2 (alpha=1): 8a2155 / d2d2d2
[r] Alpha d2 (alpha=2): 8a2155 / f8f8f8
[r] Alpha d2 (alpha=3): 8a2155 / f2f2f2
[r] Alpha d2 (alpha=4): 8a2155 / ebebeb
[r] Alpha d2 (alpha=5): 8a2155 / e5e5e5
[r] Alpha d2 (alpha=6): 8a2155 / dedede
[r] Alpha d2 (alpha=7): 8a2155 / d8d8d8
[r] Alpha d3 (alpha=0): 8a2155 / ffffff
[r] Alpha d3 (alpha=1): 8a2155 / d3d3d3
[r] Alpha d3 (alpha=2): 8a2155 / f8f8f8
[r] Alpha d3 (alpha=3): 8a2155 / f2f2f2
[r] Alpha d3 (alpha=4): 8a2155 / ececec
[r] Alpha d3 (alpha=5): 8a2155 / e5e5e5
[r] Alpha d3 (alpha=6): 8a2155 / dfdfdf
[r] Alpha d3 (alpha=7): 8a2155 / d9d9d9
[r] Alpha d4 (alpha=0): 8a2155 / ffffff
[r] Alpha d4 (alpha=1): 8a2155 / d4d4d4
[r] Alpha d4 (alpha=2): 8a2155 / f8f8f8
[r] Alpha d4 (alpha=3): 8a2155 / f2f2f2
[r] Alpha d4 (alpha=4): 8a2155 / ececec
[r] Alpha d4 (alpha=5): 8a2155 / e6e6e6
[r] Alpha d4 (alpha=6): 8a2155 / e0e0e0
[r] Alpha d4 (alpha=7): 8a2155 / dadada
[r] Alpha d5 (alpha=0): 8a2155 / ffffff
[r] Alpha d5 (alpha=1): 8a2155 / d5d5d5
[r] Alpha d5 (alpha=2): 8a2155 / f9f9f9
[r] Alpha d5 (alpha=3): 8a2155 / f3f3f3
[r] Alpha d5 (alpha=4): 8a2155 / ededed
[r] Alpha d5 (alpha=5): 8a2155 / e7e7e7
[r] Alpha d5 (alpha=6): 8a2155 / e1e1e1
[r] Alpha d5 (alpha=7): 8a2155 / dbdbdb
[r] Alpha d6 (alpha=0): 8a2155 / ffffff
[r] Alpha d6 (alpha=1): 8a2155 / d6d6d6
[r] Alpha d6 (alpha=2): 8a2155 / f9f9f9
[r] Alpha d6 (alpha=3): 8a2155 / f3f3f3
[r] Alpha d6 (alpha=4): 8a2155 / ededed
[r] Alpha d6 (alpha=5): 8a2155 / e7e7e7
[r] Alpha d6 (alpha=6): 8a2155 / e1e1e1
[r] Alpha d6 (alpha=7): 8a2155 / dbdbdb
[r] Alpha d7 (alpha=0): 8a2155 / ffffff
[r] Alpha d7 (alpha=1): 8a2155 / d7d7d7
[r] Alpha d7 (alpha=2): 8a2155 / f9f9f9
[r] Alpha d7 (alpha=3): 8a2155 / f3f3f3
[r] Alpha d7 (alpha=4): 8a2155 / ededed
[r] Alpha d7 (alpha=5): 8a2155 / e8e8e8
[r] Alpha d7 (alpha=6): 8a2155 / e2e2e2
[r] Alpha d7 (alpha=7): 8a2155 / dcdcdc
[r] Alpha d8 (alpha=0): 8a2155 / ffffff
[r] Alpha d8 (alpha=1): 8a2155 / d8d8d8
[r] Alpha d8 (alpha=2): 8a2155 / f9f9f9
[r] Alpha d8 (alpha=3): 8a2155 / f3f3f3
[r] Alpha d8 (alpha=4): 8a2155 / eeeeee
[r] Alpha d8 (alpha=5): 8a2155 / e8e8e8
[r] Alpha d8 (alpha=6): 8a2155 / e3e3e3
[r] Alpha d8 (alpha=7): 8a2155 / dddddd
[r] Alpha d9 (alpha=0): 8a2155 / ffffff
[r] Alpha d9 (alpha=1): 8a2155 / d9d9d9
[r] Alpha d9 (alpha=2): 8a2155 / f9f9f9
[r] Alpha d9 (alpha=3): 8a2155 / f4f4f4
[r] Alpha d9 (alpha=4): 8a2155 / eeeeee
[r] Alpha d9 (alpha=5): 8a2155 / e9e9e9
[r] Alpha d9 (alpha=6): 8a2155 / e3e3e3
[r] Alpha d9 (alpha=7): 8a2155 / dedede
[r] Alpha da (alpha=0): 8a2155 / ffffff
[r] Alpha da (alpha=1): 8a2155 / dadada
[r] Alpha da (alpha=2): 8a2155 / f9f9f9
[r] Alpha da (alpha=3): 8a2155 / f4f4f4
[r] Alpha da (alpha=4): 8a2155 / efefef
[r] Alpha da (alpha=5): 8a2155 / e9e9e9
[r] Alpha da (alpha=6): 8a2155 / e4e4e4
[r] Alpha da (alpha=7): 8a2155 / dfdfdf
[r] Alpha db (alpha=0): 8a2155 / ffffff
[r] Alpha db (alpha=1): 8a2155 / dbdbdb
[r] Alpha db (alpha=2): 8a2155 / f9f9f9
[r] Alpha db (alpha=3): 8a2155 / f4f4f4
[r] Alpha db (alpha=4): 8a2155 / efefef
[r] Alpha db (alpha=5): 8a2155 / eaeaea
[r] Alpha db (alpha=6): 8a2155 / e5e5e5
[r] Alpha db (alpha=7): 8a2155 / e0e0e0
[r] Alpha dc (alpha=0): 8a2155 / ffffff
[r] Alpha dc (alpha=1): 8a2155 / dcdcdc
[r] Alpha dc (alpha=2): 8a2155 / fafafa
[r] Alpha dc (alpha=3): 8a2155 / f5f5f5
[r] Alpha dc (alpha=4): 8a2155 / f0f0f0
[r] Alpha dc (alpha=5): 8a2155 / ebebeb
[r] Alpha dc (alpha=6): 8a2155 / e6e6e6
[r] Alpha dc (alpha=7): 8a2155 / e1e1e1
[r] Alpha dd (alpha=0): 8a2155 / ffffff
[r] Alpha dd (alpha=1): 8a2155 / dddddd
[r] Alpha dd (alpha=2): 8a2155 / fafafa
[r] Alpha dd (alpha=3): 8a2155 / f5f5f5
[r] Alpha dd (alpha=4): 8a2155 / f0f0f0
[r] Alpha dd (alpha=5): 8a2155 / ebebeb
[r] Alpha dd (alpha=6): 8a2155 / e6e6e6
[r] Alpha dd (alpha=7): 8a2155 / e1e1e1
[r] Alpha de (alpha=0): 8a2155 / ffffff
[r] Alpha de (alpha=1): 8a2155 / dedede
[r] Alpha de (alpha=2): 8a2155 / fafafa
[r] Alpha de (alpha=3): 8a2155 / f5f5f5
[r] Alpha de (alpha=4): 8a2155 / f0f0f0
[r] Alpha de (alpha=5): 8a2155 / ececec
[r] Alpha de (alpha=6): 8a2155 / e7e7e7
[r] Alpha de (alpha=7): 8a2155 / e2e2e2
[r] Alpha df (alpha=0): 8a2155 / ffffff
[r] Alpha df (alpha=1): 8a2155 / dfdfdf
[r] Alpha df (alpha=2): 8a2155 / fafafa
[r] Alpha df (alpha=3): 8a2155 / f5f5f5
[r] Alpha df (alpha=4): 8a2155 / f1f1f1
[r] Alpha df (alpha=5): 8a2155 / ececec
[r] Alpha df (alpha=6): 8a2155 / e8e8e8
[r] Alpha df (alpha=7): 8a2155 / e3e3e3
[r] Alpha e0 (alpha=0): 8a2155 / ffffff
[r] Alpha e0 (alpha=1): 8a2155 / e0e0e0
[r] Alpha e0 (alpha=2): 8a2155 / fafafa
[r] Alpha e0 (alpha=3): 8a2155 / f6f6f6
[r] Alpha e0 (alpha=4): 8a2155 / f1f1f1
[r] Alpha e0 (alpha=5): 8a2155 / ededed
[r] Alpha e0 (alpha=6): 8a2155 / e8e8e8
[r] Alpha e0 (alpha=7): 8a2155 / e4e4e4
[r] Alpha e1 (alpha=0): 8a2155 / ffffff
[r] Alpha e1 (alpha=1): 8a2155 / e1e1e1
[r] Alpha e1 (alpha=2): 8a2155 / fafafa
[r] Alpha e1 (alpha=3): 8a2155 / f6f6f6
[r] Alpha e1 (alpha=4): 8a2155 / f2f2f2
[r] Alpha e1 (alpha=5): 8a2155 / ededed
[r] Alpha e1 (alpha=6): 8a2155 / e9e9e9
[r] Alpha e1 (alpha=7): 8a2155 / e5e5e5
[r] Alpha e2 (alpha=0): 8a2155 / ffffff
[r] Alpha e2 (alpha=1): 8a2155 / e2e2e2
[r] Alpha e2 (alpha=2): 8a2155 / fafafa
[r] Alpha e2 (alpha=3): 8a2155 / f6f6f6
[r] Alpha e2 (alpha=4): 8a2155 / f2f2f2
[r] Alpha e2 (alpha=5): 8a2155 / eeeeee
[r] Alpha e2 (alpha=6): 8a2155 / eaeaea
[r] Alpha e2 (alpha=7): 8a2155 / e6e6e6
[r] Alpha e3 (alpha=0): 8a2155 / ffffff
[r] Alpha e3 (alpha=1): 8a2155 / e3e3e3
[r] Alpha e3 (alpha=2): 8a2155 / fbfbfb
[r] Alpha e3 (alpha=3): 8a2155 / f7f7f7
[r] Alpha e3 (alpha=4): 8a2155 / f3f3f3
[r] Alpha e3 (alpha=5): 8a2155 / efefef
[r] Alpha e3 (alpha=6): 8a2155 / ebebeb
[r] Alpha e3 (alpha=7): 8a2155 / e7e7e7
[r] Alpha e4 (alpha=0): 8a2155 / ffffff
[r] Alpha e4 (alpha=1): 8a2155 / e4e4e4
[r] Alpha e4 (alpha=2): 8a2155 / fbfbfb
[r] Alpha e4 (alpha=3): 8a2155 / f7f7f7
[r] Alpha e4 (alpha=4): 8a2155 / f3f3f3
[r] Alpha e4 (alpha=5): 8a2155 / efefef
[r] Alpha e4 (alpha=6): 8a2155 / ebebeb
[r] Alpha e4 (alpha=7): 8a2155 / e7e7e7
[r] Alpha e5 (alpha=0): 8a2155 / ffffff
[r] Alpha e5 (alpha=1): 8a2155 / e5e5e5
[r] Alpha e5 (alpha=2): 8a2155 / fbfbfb
[r] Alpha e5 (alpha=3): 8a2155 / f7f7f7
[r] Alpha e5 (alpha=4): 8a2155 / f3f3f3
[r] Alpha e5 (alpha=5): 8a2155 / f0f0f0
[r] Alpha e5 (alpha=6): 8a2155 / ececec
[r] Alpha e5 (alpha=7): 8a2155 / e8e8e8
[r] Alpha e6 (alpha=0): 8a2155 / ffffff
[r] Alpha e6 (alpha=1): 8a2155 / e6e6e6
[r] Alpha e6 (alpha=2): 8a2155 / fbfbfb
[r] Alpha e6 (alpha=3): 8a2155 / f7f7f7
[r] Alpha e6 (alpha=4): 8a2155 / f4f4f4
[r] Alpha e6 (alpha=5): 8a2155 / f0f0f0
[r] Alpha e6 (alpha=6): 8a2155 / ededed
[r] Alpha e6 (alpha=7): 8a2155 / e9e9e9
[r] Alpha e7 (alpha=0): 8a2155 / ffffff
[r] Alpha e7 (alpha=1): 8a2155 / e7e7e7
[r] Alpha e7 (alpha=2): 8a2155 / fbfbfb
[r] Alpha e7 (alpha=3): 8a2155 / f8f8f8
[r] Alpha e7 (alpha=4): 8a2155 / f4f4f4
[r] Alpha e7 (alpha=5): 8a2155 / f1f1f1
[r] Alpha e7 (alpha=6): 8a2155 / ededed
[r] Alpha e7 (alpha=7): 8a2155 / eaeaea
[r] Alpha e8 (alpha=0): 8a2155 / ffffff
[r] Alpha e8 (alpha=1): 8a2155 / e8e8e8
[r] Alpha e8 (alpha=2): 8a2155 / fbfbfb
[r] Alpha e8 (alpha=3): 8a2155 / f8f8f8
[r] Alpha e8 (alpha=4): 8a2155 / f5f5f5
[r] Alpha e8 (alpha=5): 8a2155 / f1f1f1
[r] Alpha e8 (alpha=6): 8a2155 / eeeeee
[r] Alpha e8 (alpha=7): 8a2155 / ebebeb
[r] Alpha e9 (alpha=0): 8a2155 / ffffff
[r] Alpha e9 (alpha=1): 8a2155 / e9e9e9
[r] Alpha e9 (alpha=2): 8a2155 / fbfbfb
[r] Alpha e9 (alpha=3): 8a2155 / f8f8f8
[r] Alpha e9 (alpha=4): 8a2155 / f5f5f5
[r] Alpha e9 (alpha=5): 8a2155 / f2f2f2
[r] Alpha e9 (alpha=6): 8a2155 / efefef
[r] Alpha e9 (alpha=7): 8a2155 / ececec
[r] Alpha ea (alpha=0): 8a2155 / ffffff
[r] Alpha ea (alpha=1): 8a2155 / eaeaea
[r] Alpha ea (alpha=2): 8a2155 / fcfcfc
[r] Alpha ea (alpha=3): 8a2155 / f9f9f9
[r] Alpha ea (alpha=4): 8a2155 / f6f6f6
[r] Alpha ea (alpha=5): 8a2155 / f3f3f3
[r] Alpha ea (alpha=6): 8a2155 / f0f0f0
[r] Alpha ea (alpha=7): 8a2155 / ededed
[r] Alpha eb (alpha=0): 8a2155 / ffffff
[r] Alpha eb (alpha=1): 8a2155 / ebebeb
[r] Alpha eb (alpha=2): 8a2155 / fcfcfc
[r] Alpha eb (alpha=3): 8a2155 / f9f9f9
[r] Alpha eb (alpha=4): 8a2155 / f6f6f6
[r] Alpha eb (alpha=5): 8a2155 / f3f3f3
[r] Alpha eb (alpha=6): 8a2155 / f0f0f0
[r] Alpha eb (alpha=7): 8a2155 / ededed
[r] Alpha ec (alpha=0): 8a2155 / ffffff
[r] Alpha ec (alpha=1): 8a2155 / ececec
[r] Alpha ec (alpha=2): 8a2155 / fcfcfc
[r] Alpha ec (alpha=3): 8a2155 / f9f9f9
[r] Alpha ec (alpha=4): 8a2155 / f6f6f6
[r] Alpha ec (alpha=5): 8a2155 / f4f4f4
[r] Alpha ec (alpha=6): 8a2155 / f1f1f1
[r] Alpha ec (alpha=7): 8a2155 / eeeeee
[r] Alpha ed (alpha=0): 8a2155 / ffffff
[r] Alpha ed (alpha=1): 8a2155 / ededed
[r] Alpha ed (alpha=2): 8a2155 / fcfcfc
[r] Alpha ed (alpha=3): 8a2155 / f9f9f9
[r] Alpha ed (alpha=4): 8a2155 / f7f7f7
[r] Alpha ed (alpha=5): 8a2155 / f4f4f4
[r] Alpha ed (alpha=6): 8a2155 / f2f2f2
[r] Alpha ed (alpha=7): 8a2155 / efefef
[r] Alpha ee (alpha=0): 8a2155 / ffffff
[r] Alpha ee (alpha=1): 8a2155 / eeeeee
[r] Alpha ee (alpha=2): 8a2155 / fcfcfc
[r] Alpha ee (alpha=3): 8a2155 / fafafa
[r] Alpha ee (alpha=4): 8a2155 / f7f7f7
[r] Alpha ee (alpha=5): 8a2155 / f5f5f5
[r] Alpha ee (alpha=6): 8a2155 / f2f2f2
[r] Alpha ee (alpha=7): 8a2155 / f0f0f0
[r] Alpha ef (alpha=0): 8a2155 / ffffff
[r] Alpha ef (alpha=1): 8a2155 / efefef
[r] Alpha ef (alpha=2): 8a2155 / fcfcfc
[r] Alpha ef (alpha=3): 8a2155 / fafafa
[r] Alpha ef (alpha=4): 8a2155 / f8f8f8
[r] Alpha ef (alpha=5): 8a2155 / f5f5f5
[r] Alpha ef (alpha=6): 8a2155 / f3f3f3
[r] Alpha ef (alpha=7): 8a2155 / f1f1f1
[r] Alpha f0 (alpha=0): 8a2155 / ffffff
[r] Alpha f0 (alpha=1): 8a2155 / f0f0f0
[r] Alpha f0 (alpha=2): 8a2155 / fcfcfc
[r] Alpha f0 (alpha=3): 8a2155 / fafafa
[r] Alpha f0 (alpha=4): 8a2155 / f8f8f8
[r] Alpha f0 (alpha=5): 8a2155 / f6f6f6
[r] Alpha f0 (alpha=6): 8a2155 / f4f4f4
[r] Alpha f0 (alpha=7): 8a2155 / f2f2f2
[r] Alpha f1 (alpha=0): 8a2155 / ffffff
[r] Alpha f1 (alpha=1): 8a2155 / f1f1f1
[r] Alpha f1 (alpha=2): 8a2155 / fdfdfd
[r] Alpha f1 (alpha=3): 8a2155 / fbfbfb
[r] Alpha f1 (alpha=4): 8a2155 / f9f9f9
[r] Alpha f1 (alpha=5): 8a2155 / f7f7f7
[r] Alpha f1 (alpha=6): 8a2155 / f5f5f5
[r] Alpha f1 (alpha=7): 8a2155 / f3f3f3
[r] Alpha f2 (alpha=0): 8a2155 / ffffff
[r] Alpha f2 (alpha=1): 8a2155 / f2f2f2
[r] Alpha f2 (alpha=2): 8a2155 / fdfdfd
[r] Alpha f2 (alpha=3): 8a2155 / fbfbfb
[r] Alpha f2 (alpha=4): 8a2155 / f9f9f9
[r] Alpha f2 (alpha=5): 8a2155 / f7f7f7
[r] Alpha f2 (alpha=6): 8a2155 / f5f5f5
[r] Alpha f2 (alpha=7): 8a2155 / f3f3f3
[r] Alpha f3 (alpha=0): 8a2155 / ffffff
[r] Alpha f3 (alpha=1): 8a2155 / f3f3f3
[r] Alpha f3 (alpha=2): 8a2155 / fdfdfd
[r] Alpha f3 (alpha=3): 8a2155 / fbfbfb
[r] Alpha f3 (alpha=4): 8a2155 / f9f9f9
[r] Alpha f3 (alpha=5): 8a2155 / f8f8f8
[r] Alpha f3 (alpha=6): 8a2155 / f6f6f6
[r] Alpha f3 (alpha=7): 8a2155 / f4f4f4
[r] Alpha f4 (alpha=0): 8a2155 / ffffff
[r] Alpha f4 (alpha=1): 8a2155 / f4f4f4
[r] Alpha f4 (alpha=2): 8a2155 / fdfdfd
[r] Alpha f4 (alpha=3): 8a2155 / fbfbfb
[r] Alpha f4 (alpha=4): 8a2155 / fafafa
[r] Alpha f4 (alpha=5): 8a2155 / f8f8f8
[r] Alpha f4 (alpha=6): 8a2155 / f7f7f7
[r] Alpha f4 (alpha=7): 8a2155 / f5f5f5
[r] Alpha f5 (alpha=0): 8a2155 / ffffff
[r] Alpha f5 (alpha=1): 8a2155 / f5f5f5
[r] Alpha f5 (alpha=2): 8a2155 / fdfdfd
[r] Alpha f5 (alpha=3): 8a2155 / fcfcfc
[r] Alpha f5 (alpha=4): 8a2155 / fafafa
[r] Alpha f5 (alpha=5): 8a2155 / f9f9f9
[r] Alpha f5 (alpha=6): 8a2155 / f7f7f7
[r] Alpha f5 (alpha=7): 8a2155 / f6f6f6
[r] Alpha f6 (alpha=0): 8a2155 / ffffff
[r] Alpha f6 (alpha=1): 8a2155 / f6f6f6
[r] Alpha f6 (alpha=2): 8a2155 / fdfdfd
[r] Alpha f6 (alpha=3): 8a2155 / fcfcfc
[r] Alpha f6 (alpha=4): 8a2155 / fbfbfb
[r] Alpha f6 (alpha=5): 8a2155 / f9f9f9
[r] Alpha f6 (alpha=6): 8a2155 / f8f8f8
[r] Alpha f6 (alpha=7): 8a2155 / f7f7f7
[r] Alpha f7 (alpha=0): 8a2155 / ffffff
[r] Alpha f7 (alpha=1): 8a2155 / f7f7f7
[r] Alpha f7 (alpha=2): 8a2155 / fdfdfd
[r] Alpha f7 (alpha=3): 8a2155 / fcfcfc
[r] Alpha f7 (alpha=4): 8a2155 / fbfbfb
[r] Alpha f7 (alpha=5): 8a2155 / fafafa
[r] Alpha f7 (alpha=6): 8a2155 / f9f9f9
[r] Alpha f7 (alpha=7): 8a2155 / f8f8f8
[r] Alpha f8 (alpha=0): 8a2155 / ffffff
[r] Alpha f8 (alpha=1): 8a2155 / f8f8f8
[r] Alpha f8 (alpha=2): 8a2155 / fefefe
[r] Alpha f8 (alpha=3): 8a2155 / fdfdfd
[r] Alpha f8 (alpha=4): 8a2155 / fcfcfc
[r] Alpha f8 (alpha=5): 8a2155 / fbfbfb
[r] Alpha f8 (alpha=6): 8a2155 / fafafa
[r] Alpha f8 (alpha=7): 8a2155 / f9f9f9
[r] Alpha f9 (alpha=0): 8a2155 / ffffff
[r] Alpha f9 (alpha=1): 8a2155 / f9f9f9
[r] Alpha f9 (alpha=2): 8a2155 / fefefe
[r] Alpha f9 (alpha=3): 8a2155 / fdfdfd
[r] Alpha f9 (alpha=4): 8a2155 / fcfcfc
[r] Alpha f9 (alpha=5): 8a2155 / fbfbfb
[r] Alpha f9 (alpha=6): 8a2155 / fafafa
[r] Alpha f9 (alpha=7): 8a2155 / f9f9f9
[r] Alpha fa (alpha=0): 8a2155 / ffffff
[r] Alpha fa (alpha=1): 8a2155 / fafafa
[r] Alpha fa (alpha=2): 8a2155 / fefefe
[r] Alpha fa (alpha=3): 8a2155 / fdfdfd
[r] Alpha fa (alpha=4): 8a2155 / fcfcfc
[r] Alpha fa (alpha=5): 8a2155 / fcfcfc
[r] Alpha fa (alpha=6): 8a2155 / fbfbfb
[r] Alpha fa (alpha=7): 8a2155 / fafafa
[r] Alpha fb (alpha=0): 8a2155 / ffffff
[r] Alpha fb (alpha=1): 8a2155 / fbfbfb
[r] Alpha fb (alpha=2): 8a2155 / fefefe
[r] Alpha fb (alpha=3): 8a2155 / fdfdfd
[r] Alpha fb (alpha=4): 8a2155 / fdfdfd
[r] Alpha fb (alpha=5): 8a2155 / fcfcfc
[r] Alpha fb (alpha=6): 8a2155 / fcfcfc
[r] Alpha fb (alpha=7): 8a2155 / fbfbfb
[r] Alpha fc (alpha=0): 8a2155 / ffffff
[r] Alpha fc (alpha=1): 8a2155 / fcfcfc
[r] Alpha fc (alpha=2): 8a2155 / fefefe
[r] Alpha fc (alpha=3): 8a2155 / fefefe
[r] Alpha fc (alpha=4): 8a2155 / fdfdfd
[r] Alpha fc (alpha=5): 8a2155 / fdfdfd
[r] Alpha fc (alpha=6): 8a2155 / fcfcfc
[r] Alpha fc (alpha=7): 8a2155 / fcfcfc
[r] Alpha fd (alpha=0): 8a2155 / ffffff
[r] Alpha fd (alpha=1): 8a2155 / fdfdfd
[r] Alpha fd (alpha=2): 8a2155 / fefefe
[r] Alpha fd (alpha=3): 8a2155 / fefefe
[r] Alpha fd (alpha=4): 8a2155 / fefefe
[r] Alpha fd (alpha=5): 8a2155 / fdfdfd
[r] Alpha fd (alpha=6): 8a2155 / fdfdfd
[r] Alpha fd (alpha=7): 8a2155 / fdfdfd
[r] Alpha fe (alpha=0): 8a2155 / ffffff
[r] Alpha fe (alpha=1): 8a2155 / fefefe
[r] Alpha fe (alpha=2): 8a2155 / fefefe
[r] Alpha fe (alpha=3): 8a2155 / fefefe
[r] Alpha fe (alpha=4): 8a2155 / fefefe
[r] Alpha fe (alpha=5): 8a2155 / fefefe
[r] Alpha fe (alpha=6): 8a2155 / fefefe
[r] Alpha fe (alpha=7): 8a2155 / fefefe
[r] Alpha ff (alpha=0): 8a2155 / ffffff
[r] Alpha ff (alpha=1): 8a2155 / ffffff
[r] Alpha ff (alpha=2): 8a2155 / ffffff
[r] Alpha ff (alpha=3): 8a2155 / ffffff
[r] Alpha ff (alpha=4): 8a2155 / ffffff
[r] Alpha ff (alpha=5): 8a2155 / ffffff
[r] Alpha ff (alpha=6): 8a2155 / 000000
[r] Alpha ff (alpha=7): 8a2155 / ffffff
