exp43 clipped triangles, job 0: 4dc347bc
exp43 clipped triangles, job 1: a613e6f0
exp43 clipped triangles, job 2: b6f35766
exp43 clipped triangles, job 3: 125f9d8b
exp44 rotated order, job 0: 4dc347bc
exp44 rotated order, job 1: a613e6f0
exp44 rotated order, job 2: 4dc347bc
exp44 rotated order, job 3: a613e6f0
exp45 strips and fans, job 0: d64c7d13
exp45 strips and fans, job 1: 18f4298b
exp45 strips and fans, job 2: d8455ee4
exp45 strips and fans, job 3: 828d0251
exp46 dense, job 0: 33821b20
exp46 dense, job 1: 1f3dec45
exp47 far inside vertices, job 0: 5b63207e
exp47 far inside vertices, job 1: 07399277
